Microchip MPLAB XC8 Compiler V2.45

Linker command line:

-W-3 \
  --edf=C:\Program Files\Microchip\xc8\v2.45\pic\dat\20230818022343_en.msgs \
  -cn -h+dist/default/production\sensor.X.production.sym \
  --cmf=dist/default/production\sensor.X.production.cmf -z -Q18F47Q10 \
  -oC:\Users\USER\AppData\Local\Temp\xcAs96c.\driver_tmp_3.o \
  --defsym=__MPLAB_BUILD=1 --fixupoverflow=error \
  -Mdist/default/production/sensor.X.production.map \
  --md=C:\Users\USER\AppData\Local\Temp\xcAs96c.\driver_tmp_0.dat -E1 \
  -ver=XC8 Compiler --acfsm=1493 -AHEAP=026Ch-0CFFh -pheap=HEAP \
  -ACODE=00h-01FFFFh -ACONST=00h-01FFFFh -ASMALLCONST=0F00h-0FFFhx497 \
  -AMEDIUMCONST=0F00h-0FFFFh,010F00h-01FFFFh -ACOMRAM=01h-05Fh \
  -AABS1=00h-0CFFh,0E00h-0E1Eh -ABIGRAM=01h-0CFFh,0E00h-0E1Eh \
  -ARAM=060h-0FFh,0100h-01FFhx12,0E00h-0E1Eh -ABANK0=060h-0FFh \
  -ABANK1=0100h-01FFh -ABANK2=0200h-02FFh -ABANK3=0300h-03FFh \
  -ABANK4=0400h-04FFh -ABANK5=0500h-05FFh -ABANK6=0600h-06FFh \
  -ABANK7=0700h-07FFh -ABANK8=0800h-08FFh -ABANK9=0900h-09FFh \
  -ABANK10=0A00h-0AFFh -ABANK11=0B00h-0BFFh -ABANK12=0C00h-0CFFh \
  -ABANK14=0E00h-0E1Eh \
  -ASFR=0D00h-0DFFh,0E1Fh-0EFFh,0F00h-0F5Fh,0F60h-0FFFh \
  -ABIGSFR=0D00h-0DFFh,0E1Fh-0FFFh -AIDLOC=0200000h-02000FFh \
  -AEEDATA=0310000h-03103FFh -peeprom_data=EEDATA \
  -preset_vec=00h,intcode=08h,intcodelo,powerup,init -pramtop=0F00h \
  -psmallconst=SMALLCONST -pmediumconst=MEDIUMCONST -pconst=CONST \
  -AFARRAM=00h-00h \
  -prdata=COMRAM,nvrram=COMRAM,nvbit=COMRAM,rbss=COMRAM,rbit=COMRAM \
  -pfarbss=FARRAM,fardata=FARRAM,nvFARRAM=FARRAM \
  -pintsave_regs=BIGRAM,bigbss=BIGRAM,bigdata=BIGRAM -pbss=RAM \
  -pidata=CODE,irdata=CODE,ibigdata=CODE,ifardata=CODE -prparam=COMRAM \
  C:\Users\USER\AppData\Local\Temp\xcAs96c.\driver_tmp_9.o \
  dist/default/production\sensor.X.production.o \
  build/default/production/config7.o build/default/production/int_handler.o \
  build/default/production/leds.o 

Object code version is 3.11

Machine type is 18F47Q10



                Name                               Link     Load   Length Selector   Space Scale
C:\Users\USER\AppData\Local\Temp\xcAs96c.\driver_tmp_9.o
                heap                                26C      26C      A94      26C       7
                config                           300000   300000        C        0       4
                init                                 46       46        4        4       0
                reset_vec                             0        0        4        0       0
dist/default/production\sensor.X.production.o
                smallconst                          F00      F00        2      780       0
                text13                             2518     2518      15A      781       0
                text12                             2B4A     2B4A        6     15A5       0
                text11                             27E0     27E0       AC      781       0
                text10                             2144     2144      276      781       0
                text9                              23BA     23BA      15E      781       0
                text8                              2B06     2B06       26     1583       0
                text7                              2672     2672       C2      781       0
                text6                              16CC     16CC      662      781       0
                text5                              288C     288C       A6      781       0
                text4                               F02      F02      7CA      781       0
                text3                              2A3A     2A3A       52      781       0
                text2                              2932     2932       8A      781       0
                text1                              1D2E     1D2E      416      781       0
                text0                              2B2C     2B2C       14     1583       0
                cstackCOMRAM                          1        1       37        1       1
                cstackBANK0                          8D       8D       21       60       1
                cstackBANK2                         200      200       6C      200       1
                dataBANK1                           186      186       4C      100       1
                bssBANK1                            100      100       86      100       1
                dataBANK0                            60       60       2D       60       1
                dataCOMRAM                           57       57        9        1       1
                bssCOMRAM                            38       38       1F        1       1
                cinit                              29BC     29BC       7E      781       0
                idataBANK1                         2A8C     2A8C       4C      781       0
                idataBANK0                         2AD8     2AD8       2D      781       0
                idataCOMRAM                        2B40     2B40        9     1583       0
build/default/production/config7.o
                config                           300000   300000        C        0       4
                text0                              2734     2734       AC      781       0
build/default/production/int_handler.o
                intcode                               8        8       26        4       0
build/default/production/leds.o
                intcode                              2E       2E       18        4       0

TOTAL           Name                               Link     Load   Length     Space
        CLASS   HEAP           
                heap                                26C      26C      A94         7

        CLASS   CODE           
                intcode                               8        8       3E         0
                init                                 46       46        4         0
                reset_vec                             0        0        4         0
                text13                             2518     2518      15A         0
                text12                             2B4A     2B4A        6         0
                text11                             27E0     27E0       AC         0
                text10                             2144     2144      276         0
                text9                              23BA     23BA      15E         0
                text8                              2B06     2B06       26         0
                text7                              2672     2672       C2         0
                text6                              16CC     16CC      662         0
                text5                              288C     288C       A6         0
                text4                               F02      F02      7CA         0
                text3                              2A3A     2A3A       52         0
                text2                              2932     2932       8A         0
                text1                              1D2E     1D2E      416         0
                text0                              2B2C     2B2C       14         0
                cinit                              29BC     29BC       7E         0
                idataBANK1                         2A8C     2A8C       4C         0
                idataBANK0                         2AD8     2AD8       2D         0
                idataCOMRAM                        2B40     2B40        9         0
                text0                              2734     2734       AC         0

        CLASS   CONST          

        CLASS   SMALLCONST     
                smallconst                          F00      F00        2         0

        CLASS   MEDIUMCONST    

        CLASS   COMRAM         
                cstackCOMRAM                          1        1       37         1
                dataCOMRAM                           57       57        9         1
                bssCOMRAM                            38       38       1F         1

        CLASS   ABS1           

        CLASS   BIGRAM         

        CLASS   RAM            

        CLASS   BANK0          
                cstackBANK0                          8D       8D       21         1
                dataBANK0                            60       60       2D         1

        CLASS   BANK1          
                dataBANK1                           186      186       4C         1
                bssBANK1                            100      100       86         1

        CLASS   BANK2          
                cstackBANK2                         200      200       6C         1

        CLASS   BANK3          

        CLASS   BANK4          

        CLASS   BANK5          

        CLASS   BANK6          

        CLASS   BANK7          

        CLASS   BANK8          

        CLASS   BANK9          

        CLASS   BANK10         

        CLASS   BANK11         

        CLASS   BANK12         

        CLASS   BANK14         

        CLASS   SFR            

        CLASS   BIGSFR         

        CLASS   IDLOC          

        CLASS   EEDATA         

        CLASS   FARRAM         

        CLASS   STACK          

        CLASS   CONFIG         
                config                           300000   300000        C         4



SEGMENTS        Name                           Load    Length   Top    Selector   Space  Class

                reset_vec                      000000  000004  000004         0       0  CODE    
                cstackCOMRAM                   000001  00005F  000060         1       1  COMRAM  
                intcode                        000008  000042  00004A         4       0  CODE    
                dataBANK0                      000060  00004E  0000AE        60       1  BANK0   
                bssBANK1                       000100  0000D2  0001D2       100       1  BANK1   
                cstackBANK2                    000200  00006C  00026C       200       1  BANK2   
                heap                           00026C  000A94  000D00       26C       7  HEAP    
                smallconst                     000F00  000002  000F02       780       0  SMALLCON
                text4                          000F02  001C03  002B05       781       0  CODE    
                text8                          002B06  000043  002B49      1583       0  CODE    
                text12                         002B4A  000006  002B50      15A5       0  CODE    


UNUSED ADDRESS RANGES

        Name                Unused          Largest block    Delta
        BANK0            0000AE-0000FF               52
        BANK1            0001D2-0001FF               2E
        BANK10           000A00-000AFF              100
        BANK11           000B00-000BFF              100
        BANK12           000C00-000CFF              100
        BANK14           000E00-000E1E               1F
        BANK2            00026C-0002FF               94
        BANK3            000300-0003FF              100
        BANK4            000400-0004FF              100
        BANK5            000500-0005FF              100
        BANK6            000600-0006FF              100
        BANK7            000700-0007FF              100
        BANK8            000800-0008FF              100
        BANK9            000900-0009FF              100
        BIGRAM           0000AE-0000FF               52
                         0001D2-0001FF               2E
                         00026C-000CFF              A94
                         000E00-000E1E               1F
        BIGSFR           000D00-000DFF              100
                         000E1F-000FFF              1E1
        CODE             000004-000007                4
                         00004A-000EFF              EB6
                         002B05-002B05                1
                         002B49-002B49                1
                         002B50-01FFFF            1D4B0
        CONST            000004-000007                4
                         00004A-000EFF              EB6
                         002B05-002B05                1
                         002B49-002B49                1
                         002B50-01FFFF            1D4B0
        EEDATA           310000-3103FF              400
        IDLOC            200000-2000FF              100
        MEDIUMCONST      002B05-002B05                1
                         002B49-002B49                1
                         002B50-00FFFF             D4B0
                         010F00-01FFFF             F100
        RAM              0000AE-0000FF               52
                         0001D2-0001FF               2E
                         00026C-000CFF              100
                         000E00-000E1E               1F
        SFR              000D00-000DFF              100
                         000E1F-000FFF               E1
        SMALLCONST       002B05-002B05                1
                         002B49-002B49                1
                         002B50-01FFFF              100

                                  Symbol Table

?___expand_heap                    cstackCOMRAM 000001
?___simple_search_fl               cstackCOMRAM 000001
?_malloc                           cstackCOMRAM 000015
_ADCON0bits                        (abs)        000F5B
_ADRESH                            (abs)        000F5F
_ADRESL                            (abs)        000F5E
_LED5_OFF                          intcode      000034
_LED5_ON                           intcode      00002E
_LED6_OFF                          intcode      000040
_LED6_ON                           intcode      00003A
_METATED                           bssBANK1     000170
_PIR1bits                          (abs)        000EC6
_PIR3bits                          (abs)        000EC8
_RA5                               (abs)        007C65
_RA6                               (abs)        007C66
_RC1REG                            (abs)        000F98
_TCTEDS1                           bssBANK1     00014C
_TCTEDS2                           bssBANK1     000128
_TCTEDS3                           bssBANK1     000104
_TX1REG                            (abs)        000F99
__HRAM                             (abs)        000000
__H__absolute__                    __absolute__ 000000
__Habs1                            abs1         000000
__Hbank0                           bank0        000000
__Hbank1                           bank1        000000
__Hbank10                          bank10       000000
__Hbank11                          bank11       000000
__Hbank12                          bank12       000000
__Hbank14                          bank14       000000
__Hbank2                           bank2        000000
__Hbank3                           bank3        000000
__Hbank4                           bank4        000000
__Hbank5                           bank5        000000
__Hbank6                           bank6        000000
__Hbank7                           bank7        000000
__Hbank8                           bank8        000000
__Hbank9                           bank9        000000
__Hbigbss                          bigbss       000000
__Hbigdata                         bigdata      000000
__Hbigram                          bigram       000000
__Hbigsfr                          bigsfr       000000
__Hbss                             bss          000000
__HbssBANK1                        bssBANK1     000000
__HbssCOMRAM                       bssCOMRAM    000000
__Hcinit                           cinit        000000
__Hclrtext                         clrtext      000000
__Hcode                            code         000000
__Hcomram                          comram       000000
__Hconfig                          config       30000C
__Hconst                           const        000000
__HcstackBANK0                     cstackBANK0  000000
__HcstackBANK2                     cstackBANK2  000000
__HcstackCOMRAM                    cstackCOMRAM 000000
__Hdata                            data         000000
__HdataBANK0                       dataBANK0    000000
__HdataBANK1                       dataBANK1    000000
__HdataCOMRAM                      dataCOMRAM   000000
__Hedata                           edata        000000
__Heeprom_data                     eeprom_data  000000
__Hfarbss                          farbss       000000
__Hfardata                         fardata      000000
__Hheap                            heap         000D00
__Hibigdata                        ibigdata     000000
__Hidata                           idata        000000
__HidataBANK0                      idataBANK0   000000
__HidataBANK1                      idataBANK1   000000
__HidataCOMRAM                     idataCOMRAM  000000
__Hidloc                           idloc        000000
__Hifardata                        ifardata     000000
__Hinit                            init         00004A
__Hintcode                         intcode      000046
__Hintcode_body                    intcode_body 000000
__Hintcodelo                       intcodelo    000046
__Hintentry                        intentry     000000
__Hintret                          intret       000000
__Hintsave_regs                    intsave_regs 000000
__Hirdata                          irdata       000000
__Hmediumconst                     mediumconst  000000
__HnvFARRAM                        nvFARRAM     000000
__Hnvbit                           nvbit        000000
__Hnvrram                          nvrram       000000
__Hparam                           rparam       000000
__Hpowerup                         powerup      000046
__Hram                             ram          000000
__Hramtop                          ramtop       000F00
__Hrbit                            rbit         000000
__Hrbss                            rbss         000000
__Hrdata                           rdata        000000
__Hreset_vec                       reset_vec    000004
__Hrparam                          rparam       000000
__Hsfr                             sfr          000000
__Hsmallconst                      smallconst   000F02
__Hspace_0                         (abs)        002B50
__Hspace_1                         (abs)        00026C
__Hspace_2                         (abs)        000000
__Hspace_3                         (abs)        000000
__Hspace_4                         (abs)        60000C
__Hstack                           stack        000000
__Hstruct                          struct       000000
__Htemp                            temp         000000
__Htext                            text         000000
__Htext0                           text0        000000
__Htext1                           text1        000000
__Htext10                          text10       000000
__Htext11                          text11       000000
__Htext12                          text12       000000
__Htext13                          text13       000000
__Htext2                           text2        000000
__Htext3                           text3        000000
__Htext4                           text4        000000
__Htext5                           text5        000000
__Htext6                           text6        000000
__Htext7                           text7        000000
__Htext8                           text8        000000
__Htext9                           text9        000000
__Hudata                           udata        000000
__Hudata_acs                       udata_acs    000000
__Hudata_bank0                     udata_bank0  000000
__Hudata_bank1                     udata_bank1  000000
__Hudata_bank10                    udata_bank10 000000
__Hudata_bank11                    udata_bank11 000000
__Hudata_bank12                    udata_bank12 000000
__Hudata_bank14                    udata_bank14 000000
__Hudata_bank2                     udata_bank2  000000
__Hudata_bank3                     udata_bank3  000000
__Hudata_bank4                     udata_bank4  000000
__Hudata_bank5                     udata_bank5  000000
__Hudata_bank6                     udata_bank6  000000
__Hudata_bank7                     udata_bank7  000000
__Hudata_bank8                     udata_bank8  000000
__Hudata_bank9                     udata_bank9  000000
__LRAM                             (abs)        000001
__L__absolute__                    __absolute__ 000000
__Labs1                            abs1         000000
__Lbank0                           bank0        000000
__Lbank1                           bank1        000000
__Lbank10                          bank10       000000
__Lbank11                          bank11       000000
__Lbank12                          bank12       000000
__Lbank14                          bank14       000000
__Lbank2                           bank2        000000
__Lbank3                           bank3        000000
__Lbank4                           bank4        000000
__Lbank5                           bank5        000000
__Lbank6                           bank6        000000
__Lbank7                           bank7        000000
__Lbank8                           bank8        000000
__Lbank9                           bank9        000000
__Lbigbss                          bigbss       000000
__Lbigdata                         bigdata      000000
__Lbigram                          bigram       000000
__Lbigsfr                          bigsfr       000000
__Lbss                             bss          000000
__LbssBANK1                        bssBANK1     000000
__LbssCOMRAM                       bssCOMRAM    000000
__Lcinit                           cinit        000000
__Lclrtext                         clrtext      000000
__Lcode                            code         000000
__Lcomram                          comram       000000
__Lconfig                          config       000000
__Lconst                           const        000000
__LcstackBANK0                     cstackBANK0  000000
__LcstackBANK2                     cstackBANK2  000000
__LcstackCOMRAM                    cstackCOMRAM 000000
__Ldata                            data         000000
__LdataBANK0                       dataBANK0    000000
__LdataBANK1                       dataBANK1    000000
__LdataCOMRAM                      dataCOMRAM   000000
__Ledata                           edata        000000
__Leeprom_data                     eeprom_data  000000
__Lfarbss                          farbss       000000
__Lfardata                         fardata      000000
__Lheap                            heap         00026C
__Libigdata                        ibigdata     000000
__Lidata                           idata        000000
__LidataBANK0                      idataBANK0   000000
__LidataBANK1                      idataBANK1   000000
__LidataCOMRAM                     idataCOMRAM  000000
__Lidloc                           idloc        000000
__Lifardata                        ifardata     000000
__Linit                            init         000046
__Lintcode                         intcode      000008
__Lintcode_body                    intcode_body 000000
__Lintcodelo                       intcodelo    000046
__Lintentry                        intentry     000000
__Lintret                          intret       000000
__Lintsave_regs                    intsave_regs 000000
__Lirdata                          irdata       000000
__Lmediumconst                     mediumconst  000000
__LnvFARRAM                        nvFARRAM     000000
__Lnvbit                           nvbit        000000
__Lnvrram                          nvrram       000000
__Lparam                           rparam       000000
__Lpowerup                         powerup      000046
__Lram                             ram          000000
__Lramtop                          ramtop       000F00
__Lrbit                            rbit         000000
__Lrbss                            rbss         000000
__Lrdata                           rdata        000000
__Lreset_vec                       reset_vec    000000
__Lrparam                          rparam       000000
__Lsfr                             sfr          000000
__Lsmallconst                      smallconst   000F00
__Lspace_0                         (abs)        000000
__Lspace_1                         (abs)        000000
__Lspace_2                         (abs)        000000
__Lspace_3                         (abs)        000000
__Lspace_4                         (abs)        000000
__Lstack                           stack        000000
__Lstruct                          struct       000000
__Ltemp                            temp         000000
__Ltext                            text         000000
__Ltext0                           text0        000000
__Ltext1                           text1        000000
__Ltext10                          text10       000000
__Ltext11                          text11       000000
__Ltext12                          text12       000000
__Ltext13                          text13       000000
__Ltext2                           text2        000000
__Ltext3                           text3        000000
__Ltext4                           text4        000000
__Ltext5                           text5        000000
__Ltext6                           text6        000000
__Ltext7                           text7        000000
__Ltext8                           text8        000000
__Ltext9                           text9        000000
__Ludata                           udata        000000
__Ludata_acs                       udata_acs    000000
__Ludata_bank0                     udata_bank0  000000
__Ludata_bank1                     udata_bank1  000000
__Ludata_bank10                    udata_bank10 000000
__Ludata_bank11                    udata_bank11 000000
__Ludata_bank12                    udata_bank12 000000
__Ludata_bank14                    udata_bank14 000000
__Ludata_bank2                     udata_bank2  000000
__Ludata_bank3                     udata_bank3  000000
__Ludata_bank4                     udata_bank4  000000
__Ludata_bank5                     udata_bank5  000000
__Ludata_bank6                     udata_bank6  000000
__Ludata_bank7                     udata_bank7  000000
__Ludata_bank8                     udata_bank8  000000
__Ludata_bank9                     udata_bank9  000000
__S0                               (abs)        002B50
__S1                               (abs)        00026C
__S3                               (abs)        000000
__S5                               (abs)        000000
__S7                               (abs)        000D00
___expand_heap                     text11       0027E0
___expand_heap@n                   cstackCOMRAM 000005
___expand_heap@new_brkp            cstackCOMRAM 000007
___expand_heap@pn                  cstackCOMRAM 000001
___freelist                        bssCOMRAM    00004C
___heap_hi                         heap         000D00
___heap_lo                         heap         00026C
___inthi_sp                        stack        000000
___inthi_stack_hi                  stack        000000
___inthi_stack_lo                  stack        000000
___intlo_sp                        stack        000000
___intlo_stack_hi                  stack        000000
___intlo_stack_lo                  stack        000000
___param_bank                      (abs)        000000
___rparam_used                     (abs)        000001
___simple_search_fl                text10       002144
___simple_search_fl@best           cstackCOMRAM 000013
___simple_search_fl@best_last      cstackCOMRAM 000009
___simple_search_fl@c              cstackCOMRAM 000011
___simple_search_fl@last           cstackCOMRAM 00000D
___simple_search_fl@n              cstackCOMRAM 000001
___simple_search_fl@next           cstackCOMRAM 00000F
___simple_search_fl@remaining_size cstackCOMRAM 000007
___simple_search_fl@split          cstackCOMRAM 00000B
___sp                              stack        000000
___stack_hi                        stack        000000
___stack_lo                        stack        000000
__accesstop                        (abs)        000060
__activetblptr                     (abs)        000000
__end_of___expand_heap             text11       00288C
__end_of___simple_search_fl        text10       0023BA
__end_of__initialization           cinit        002A34
__end_of_define_METATEDS           text2        0029BC
__end_of_define_TCTEDS             text1        002144
__end_of_free                      text13       002672
__end_of_getch                     text12       002B50
__end_of_identify_NCAP_cmd         text4        0016CC
__end_of_main                      text0        002B40
__end_of_malloc                    text9        002518
__end_of_memcpy                    text3        002A8C
__end_of_putch                     text8        002B2C
__end_of_send_METATEDS             text7        002734
__end_of_send_TCTEDS               text6        001D2E
__end_of_send_VALUE                text5        002932
__initialization                   cinit        0029BC
__mediumconst                      mediumconst  000000
__pbssBANK1                        bssBANK1     000100
__pbssCOMRAM                       bssCOMRAM    000038
__pcinit                           cinit        0029BC
__pcstackBANK0                     cstackBANK0  00008D
__pcstackBANK2                     cstackBANK2  000200
__pcstackCOMRAM                    cstackCOMRAM 000001
__pdataBANK0                       dataBANK0    000060
__pdataBANK1                       dataBANK1    000186
__pdataCOMRAM                      dataCOMRAM   000057
__pidataBANK0                      idataBANK0   002AD8
__pidataBANK1                      idataBANK1   002A8C
__pidataCOMRAM                     idataCOMRAM  002B40
__psmallconst                      smallconst   000F00
__ptext0                           text0        002B2C
__ptext1                           text1        001D2E
__ptext10                          text10       002144
__ptext11                          text11       0027E0
__ptext12                          text12       002B4A
__ptext13                          text13       002518
__ptext2                           text2        002932
__ptext3                           text3        002A3A
__ptext4                           text4        000F02
__ptext5                           text5        00288C
__ptext6                           text6        0016CC
__ptext7                           text7        002672
__ptext8                           text8        002B06
__ptext9                           text9        0023BA
__ramtop                           ramtop       000F00
__smallconst                       smallconst   000F00
_brkp                              bssCOMRAM    000044
_comando                           bssCOMRAM    000038
_comando2                          bssCOMRAM    000050
_config7                           text0        002734
_contagem                          bssCOMRAM    00004E
_define_METATEDS                   text2        002932
_define_TCTEDS                     text1        001D2E
_errno                             bssCOMRAM    00004A
_free                              text13       002518
_get_char                          bssCOMRAM    000056
_getch                             text12       002B4A
_identify_NCAP_cmd                 text4        000F02
_int_handler                       intcode      000008
_main                              text0        002B2C
_malloc                            text9        0023BA
_memcpy                            text3        002A3A
_parcel_lsb                        bssCOMRAM    000054
_parcel_msb                        bssCOMRAM    000052
_putch                             text8        002B06
_send_METATEDS                     text7        002672
_send_TCTEDS                       text6        0016CC
_send_VALUE                        text5        00288C
define_METATEDS@F13233             dataBANK1    0001C8
define_METATEDS@F13235             dataBANK1    0001AA
define_METATEDS@F13237             dataBANK1    0001CE
define_METATEDS@array1             cstackBANK0  0000A4
define_METATEDS@array2             cstackBANK0  000098
define_METATEDS@array3             cstackBANK0  0000AA
define_TCTEDS@F13240               dataBANK1    0001C2
define_TCTEDS@F13242               dataBANK0    00008A
define_TCTEDS@F13244               dataBANK1    00019E
define_TCTEDS@F13246               dataBANK0    000087
define_TCTEDS@F13248               dataBANK0    000084
define_TCTEDS@F13250               dataBANK0    000081
define_TCTEDS@F13252               dataBANK0    00007E
define_TCTEDS@F13254               dataBANK0    00007B
define_TCTEDS@F13256               dataBANK1    0001BC
define_TCTEDS@F13258               dataBANK0    000078
define_TCTEDS@F13260               dataBANK1    000192
define_TCTEDS@F13262               dataBANK0    000075
define_TCTEDS@F13264               dataBANK0    000072
define_TCTEDS@F13266               dataBANK0    00006F
define_TCTEDS@F13268               dataBANK0    00006C
define_TCTEDS@F13270               dataBANK0    000069
define_TCTEDS@F13272               dataBANK1    0001B6
define_TCTEDS@F13274               dataBANK0    000066
define_TCTEDS@F13276               dataBANK1    000186
define_TCTEDS@F13278               dataBANK0    000063
define_TCTEDS@F13280               dataBANK0    000060
define_TCTEDS@F13282               dataCOMRAM   00005D
define_TCTEDS@F13284               dataCOMRAM   00005A
define_TCTEDS@F13286               dataCOMRAM   000057
define_TCTEDS@array1               cstackBANK2  000224
define_TCTEDS@array10              cstackBANK2  000248
define_TCTEDS@array11              cstackBANK2  00020C
define_TCTEDS@array12              cstackBANK2  00024B
define_TCTEDS@array13              cstackBANK2  00024E
define_TCTEDS@array14              cstackBANK2  000251
define_TCTEDS@array15              cstackBANK2  000254
define_TCTEDS@array16              cstackBANK2  000257
define_TCTEDS@array17              cstackBANK2  000230
define_TCTEDS@array18              cstackBANK2  00025A
define_TCTEDS@array19              cstackBANK2  000218
define_TCTEDS@array2               cstackBANK2  000236
define_TCTEDS@array20              cstackBANK2  00025D
define_TCTEDS@array21              cstackBANK2  000260
define_TCTEDS@array22              cstackBANK2  000263
define_TCTEDS@array23              cstackBANK2  000266
define_TCTEDS@array24              cstackBANK2  000269
define_TCTEDS@array3               cstackBANK2  000200
define_TCTEDS@array4               cstackBANK2  000239
define_TCTEDS@array5               cstackBANK2  00023C
define_TCTEDS@array6               cstackBANK2  00023F
define_TCTEDS@array7               cstackBANK2  000242
define_TCTEDS@array8               cstackBANK2  000245
define_TCTEDS@array9               cstackBANK2  00022A
end_of_initialization              cinit        002A34
free@c                             cstackCOMRAM 000009
free@cptr                          cstackCOMRAM 000007
free@ptr                           cstackCOMRAM 000001
identify_NCAP_cmd@comando2         cstackCOMRAM 000036
intlevel0                          text         000000
intlevel1                          text         000000
intlevel2                          text         000000
intlevel3                          text         000000
isa$std                            (abs)        000001
isa$xinst                          (abs)        000000
malloc@cur                         bssCOMRAM    000048
malloc@end                         bssCOMRAM    000046
malloc@lock                        bssBANK1     000100
malloc@m                           cstackCOMRAM 000019
malloc@n                           cstackCOMRAM 000015
malloc@new                         cstackCOMRAM 00001F
malloc@p                           cstackCOMRAM 00001D
malloc@sz                          cstackCOMRAM 00001B
memcpy@d                           cstackBANK0  000094
memcpy@d1                          cstackBANK0  00008D
memcpy@n                           cstackBANK0  000091
memcpy@s                           cstackBANK0  000096
memcpy@s1                          cstackBANK0  00008F
memcpy@tmp                         cstackBANK0  000093
putch@byte                         cstackCOMRAM 000001
send_METATEDS@i                    cstackCOMRAM 000002
send_METATEDS@j                    cstackCOMRAM 000004
send_METATEDS@k                    cstackCOMRAM 000006
send_TCTEDS@channel                cstackCOMRAM 000002
send_TCTEDS@i                      cstackCOMRAM 000003
send_TCTEDS@i_320                  cstackCOMRAM 000005
send_TCTEDS@i_321                  cstackCOMRAM 000007
send_TCTEDS@i_322                  cstackCOMRAM 000009
send_TCTEDS@i_323                  cstackCOMRAM 00000B
send_TCTEDS@i_324                  cstackCOMRAM 00000D
send_TCTEDS@i_325                  cstackCOMRAM 00000F
send_TCTEDS@i_326                  cstackCOMRAM 000011
send_TCTEDS@i_327                  cstackCOMRAM 000013
send_TCTEDS@i_328                  cstackCOMRAM 000015
send_TCTEDS@i_329                  cstackCOMRAM 000017
send_TCTEDS@i_330                  cstackCOMRAM 000019
send_TCTEDS@i_331                  cstackCOMRAM 00001B
send_TCTEDS@i_332                  cstackCOMRAM 00001D
send_TCTEDS@i_333                  cstackCOMRAM 00001F
send_TCTEDS@i_334                  cstackCOMRAM 000021
send_TCTEDS@i_335                  cstackCOMRAM 000023
send_TCTEDS@i_336                  cstackCOMRAM 000025
send_TCTEDS@i_337                  cstackCOMRAM 000027
send_TCTEDS@i_338                  cstackCOMRAM 000029
send_TCTEDS@i_339                  cstackCOMRAM 00002B
send_TCTEDS@i_340                  cstackCOMRAM 00002D
send_TCTEDS@i_341                  cstackCOMRAM 00002F
send_TCTEDS@i_342                  cstackCOMRAM 000031
send_VALUE@channel                 cstackCOMRAM 000002
stackhi                            (abs)        000000
stacklo                            (abs)        000000
start                              init         000046
start_initialization               cinit        0029BC


MODULE INFORMATION

Module		Function		Class		Link	Load	Size
sensor.c
		_send_TCTEDS   		CODE           	16CC	0000	1634
		_define_METATEDS		CODE           	2932	0000	138
		_putch         		CODE           	2B06	0000	38
		_send_METATEDS 		CODE           	2672	0000	194
		_main          		CODE           	2B2C	0000	20
		_send_VALUE    		CODE           	288C	0000	166
		_identify_NCAP_cmd		CODE           	0F02	0000	1994
		_getch         		CODE           	2B4A	0000	6
		_define_TCTEDS 		CODE           	1D2E	0000	1046

sensor.c estimated size: 5236

C:\Program Files\Microchip\xc8\v2.45\pic\sources\c99\common\expand_heap.c
		___expand_heap 		CODE           	27E0	0000	172

C:\Program Files\Microchip\xc8\v2.45\pic\sources\c99\common\expand_heap.c estimated size: 172

C:\Program Files\Microchip\xc8\v2.45\pic\sources\c99\common\memcpy.c
		_memcpy        		CODE           	2A3A	0000	82

C:\Program Files\Microchip\xc8\v2.45\pic\sources\c99\common\memcpy.c estimated size: 82

C:\Program Files\Microchip\xc8\v2.45\pic\sources\c99\common\lite_malloc.c
		_malloc        		CODE           	23BA	0000	350

C:\Program Files\Microchip\xc8\v2.45\pic\sources\c99\common\lite_malloc.c estimated size: 350

C:\Program Files\Microchip\xc8\v2.45\pic\sources\c99\common\lite_free.c
		___simple_search_fl		CODE           	2144	0000	630
		_free          		CODE           	2518	0000	346

C:\Program Files\Microchip\xc8\v2.45\pic\sources\c99\common\lite_free.c estimated size: 976

shared
		__initialization		CODE           	29BC	0000	120

shared estimated size: 120

