Microchip MPLAB XC8 Compiler V2.45

Linker command line:

-W-3 \
  --edf=C:\Program Files\Microchip\xc8\v2.45\pic\dat\20230818022343_en.msgs \
  -cn -h+dist/default/debug\Teste.X.debug.sym \
  --cmf=dist/default/debug\Teste.X.debug.cmf -z -Q18F47Q10 \
  -oC:\Users\USER\AppData\Local\Temp\xcAs390.\driver_tmp_3.o \
  --defsym=__MPLAB_BUILD=1 --fixupoverflow=error \
  -Mdist/default/debug/Teste.X.debug.map \
  --md=C:\Users\USER\AppData\Local\Temp\xcAs390.\driver_tmp_0.dat -E1 \
  -ver=XC8 Compiler --acfsm=1493 -ACODE=00h-01FFFFh -ACONST=00h-01FFFFh \
  -ASMALLCONST=0F00h-0FFFhx497 -AMEDIUMCONST=0F00h-0FFFFh,010F00h-01FFFFh \
  -ACOMRAM=01h-05Fh -AABS1=00h-0CFFh,0E00h-0E1Eh \
  -ABIGRAM=01h-0CFFh,0E00h-0E1Eh -ARAM=060h-0FFh,0100h-01FFhx12,0E00h-0E1Eh \
  -ABANK0=060h-0FFh -ABANK1=0100h-01FFh -ABANK2=0200h-02FFh \
  -ABANK3=0300h-03FFh -ABANK4=0400h-04FFh -ABANK5=0500h-05FFh \
  -ABANK6=0600h-06FFh -ABANK7=0700h-07FFh -ABANK8=0800h-08FFh \
  -ABANK9=0900h-09FFh -ABANK10=0A00h-0AFFh -ABANK11=0B00h-0BFFh \
  -ABANK12=0C00h-0CFFh -ABANK14=0E00h-0E1Eh \
  -ASFR=0D00h-0DFFh,0E1Fh-0EFFh,0F00h-0F5Fh,0F60h-0FFFh \
  -ABIGSFR=0D00h-0DFFh,0E1Fh-0FFFh -ACONFIG=0300000h-030000Bh \
  -AIDLOC=0200000h-02000FFh -AEEDATA=0310000h-03103FFh -peeprom_data=EEDATA \
  -preset_vec=00h,intcode,intcodelo,powerup,init -pramtop=0F00h \
  -psmallconst=SMALLCONST -pmediumconst=MEDIUMCONST -pconst=CONST \
  -AFARRAM=00h-00h \
  -prdata=COMRAM,nvrram=COMRAM,nvbit=COMRAM,rbss=COMRAM,rbit=COMRAM \
  -pfarbss=FARRAM,fardata=FARRAM,nvFARRAM=FARRAM \
  -pintsave_regs=BIGRAM,bigbss=BIGRAM,bigdata=BIGRAM -pbss=RAM \
  -pidata=CODE,irdata=CODE,ibigdata=CODE,ifardata=CODE -prparam=COMRAM \
  C:\Users\USER\AppData\Local\Temp\xcAs390.\driver_tmp_14.o \
  dist/default/debug\Teste.X.debug.o build/default/debug/teste_2.o 

Object code version is 3.11

Machine type is 18F47Q10



                Name                               Link     Load   Length Selector   Space Scale
C:\Users\USER\AppData\Local\Temp\xcAs390.\driver_tmp_14.o
                init                                  0        0        4        0       0
dist/default/debug\Teste.X.debug.o
                smallconst                          F00      F00        E      780       0
                text21                             21A8     21A8      39A      787       0
                text20                             2D12     2D12       AA      787       0
                text19                             2A46     2A46      104      787       0
                text18                             1D7E     1D7E      42A      787       0
                text17                             2FFE     2FFE       38      787       0
                text16                             18BE     18BE      4C0      787       0
                text15                             2F38     2F38       46      787       0
                text14                             2940     2940      106      787       0
                text13                             2B4A     2B4A       FE      787       0
                text12                             2542     2542      212      787       0
                text11                             2E9C     2E9C       56      787       0
                text10                             2FBE     2FBE       40      787       0
                text9                              30A6     30A6        2     1853       0
                text8                              2C48     2C48       CA      787       0
                text7                              2F7E     2F7E       40      787       0
                text6                              2E32     2E32       6A      787       0
                text5                              3036     3036       36      787       0
                text4                               F0E      F0E      9B0      787       0
                text3                              2754     2754      1EC      787       0
                text2                              2EF2     2EF2       46      787       0
                text1                              308A     308A       1A      787       0
                text0                              2DBC     2DBC       76      787       0
                cstackCOMRAM                          1        1       53        1       1
                cstackBANK0                          B4       B4       31       60       1
                bssBANK0                             60       60       54       60       1
                bssCOMRAM                            54       54        9        1       1
                cinit                              306C     306C       1E      787       0
build/default/debug/teste_2.o
                barfunc                            30A4     30A4        2     6148       0

TOTAL           Name                               Link     Load   Length     Space
        CLASS   CODE           
                init                                  0        0        4         0
                text21                             21A8     21A8      39A         0
                text20                             2D12     2D12       AA         0
                text19                             2A46     2A46      104         0
                text18                             1D7E     1D7E      42A         0
                text17                             2FFE     2FFE       38         0
                text16                             18BE     18BE      4C0         0
                text15                             2F38     2F38       46         0
                text14                             2940     2940      106         0
                text13                             2B4A     2B4A       FE         0
                text12                             2542     2542      212         0
                text11                             2E9C     2E9C       56         0
                text10                             2FBE     2FBE       40         0
                text9                              30A6     30A6        2         0
                text8                              2C48     2C48       CA         0
                text7                              2F7E     2F7E       40         0
                text6                              2E32     2E32       6A         0
                text5                              3036     3036       36         0
                text4                               F0E      F0E      9B0         0
                text3                              2754     2754      1EC         0
                text2                              2EF2     2EF2       46         0
                text1                              308A     308A       1A         0
                text0                              2DBC     2DBC       76         0
                cinit                              306C     306C       1E         0
                barfunc                            30A4     30A4        2         0

        CLASS   CONST          

        CLASS   SMALLCONST     
                smallconst                          F00      F00        E         0

        CLASS   MEDIUMCONST    

        CLASS   COMRAM         
                cstackCOMRAM                          1        1       53         1
                bssCOMRAM                            54       54        9         1

        CLASS   ABS1           

        CLASS   BIGRAM         

        CLASS   RAM            

        CLASS   BANK0          
                cstackBANK0                          B4       B4       31         1
                bssBANK0                             60       60       54         1

        CLASS   BANK1          

        CLASS   BANK2          

        CLASS   BANK3          

        CLASS   BANK4          

        CLASS   BANK5          

        CLASS   BANK6          

        CLASS   BANK7          

        CLASS   BANK8          

        CLASS   BANK9          

        CLASS   BANK10         

        CLASS   BANK11         

        CLASS   BANK12         

        CLASS   BANK14         

        CLASS   SFR            

        CLASS   BIGSFR         

        CLASS   CONFIG         

        CLASS   IDLOC          

        CLASS   EEDATA         

        CLASS   FARRAM         

        CLASS   HEAP           

        CLASS   STACK          



SEGMENTS        Name                           Load    Length   Top    Selector   Space  Class

                reset_vec                      000000  000004  000004         0       0  CODE    
                cstackCOMRAM                   000001  00005C  00005D         1       1  COMRAM  
                bssBANK0                       000060  000085  0000E5        60       1  BANK0   
                smallconst                     000F00  00000E  000F0E       780       0  SMALLCON
                text4                          000F0E  002196  0030A4       787       0  CODE    
                text9                          0030A6  000002  0030A8      1853       0  CODE    
                barfunc                        0030A4  000002  0030A6      6148       0  CODE    


UNUSED ADDRESS RANGES

        Name                Unused          Largest block    Delta
        BANK0            00E5-00FF             1B
        BANK1            0100-01FF            100
        BANK10           0A00-0AFF            100
        BANK11           0B00-0BFF            100
        BANK12           0C00-0CFF            100
        BANK14           0E00-0E1E             1F
        BANK2            0200-02FF            100
        BANK3            0300-03FF            100
        BANK4            0400-04FF            100
        BANK5            0500-05FF            100
        BANK6            0600-06FF            100
        BANK7            0700-07FF            100
        BANK8            0800-08FF            100
        BANK9            0900-09FF            100
        BIGRAM           005D-005F              3
                         00E5-0CFF            C1B
                         0E00-0E1E             1F
        BIGSFR           0D00-0DFF            100
                         0E1F-0FFF            1E1
        CODE             0004-0EFF            EFC
                         30A8-1FFFF          1CF58
        COMRAM           005D-005F              3
        CONFIG           300000-30000B              C
        CONST            0004-0EFF            EFC
                         30A8-1FFFF          1CF58
        EEDATA           310000-3103FF            400
        IDLOC            200000-2000FF            100
        MEDIUMCONST      30A8-FFFF           CF58
                         10F00-1FFFF           F100
        RAM              00E5-0CFF            100
                         0E00-0E1E             1F
        SFR              0D00-0DFF            100
                         0E1F-0FFF             E1
        SMALLCONST       30A8-1FFFF            100

                                  Symbol Table

?___fladd                cstackCOMRAM 0001
?___fldiv                cstackCOMRAM 0001
?___flmul                cstackCOMRAM 0001
?___flneg                cstackCOMRAM 0001
?___flsub                cstackCOMRAM 001A
?___fltol                cstackCOMRAM 0001
?___fpclassifyf          cstackCOMRAM 0001
?_floorf                 cstackCOMRAM 001A
?_labs                   cstackCOMRAM 0001
?_printf                 cstackBANK0  00E0
?_vfprintf               cstackCOMRAM 0042
_PORTA                   (abs)        0F8C
__HRAM                   (abs)        0000
__H__absolute__          __absolute__ 0000
__Habs1                  abs1         0000
__Hbank0                 bank0        0000
__Hbank1                 bank1        0000
__Hbank10                bank10       0000
__Hbank11                bank11       0000
__Hbank12                bank12       0000
__Hbank14                bank14       0000
__Hbank2                 bank2        0000
__Hbank3                 bank3        0000
__Hbank4                 bank4        0000
__Hbank5                 bank5        0000
__Hbank6                 bank6        0000
__Hbank7                 bank7        0000
__Hbank8                 bank8        0000
__Hbank9                 bank9        0000
__Hbigbss                bigbss       0000
__Hbigdata               bigdata      0000
__Hbigram                bigram       0000
__Hbigsfr                bigsfr       0000
__Hbss                   bss          0000
__HbssBANK0              bssBANK0     0000
__HbssCOMRAM             bssCOMRAM    0000
__Hcinit                 cinit        0000
__Hclrtext               clrtext      0000
__Hcode                  code         0000
__Hcomram                comram       0000
__Hconfig                config       0000
__Hconst                 const        0000
__HcstackBANK0           cstackBANK0  0000
__HcstackCOMRAM          cstackCOMRAM 0000
__Hdata                  data         0000
__Hedata                 edata        0000
__Heeprom_data           eeprom_data  0000
__Hfarbss                farbss       0000
__Hfardata               fardata      0000
__Hheap                  heap         0000
__Hibigdata              ibigdata     0000
__Hidata                 idata        0000
__Hidloc                 idloc        0000
__Hifardata              ifardata     0000
__Hinit                  init         0004
__Hintcode               intcode      0000
__Hintcode_body          intcode_body 0000
__Hintcodelo             intcodelo    0000
__Hintentry              intentry     0000
__Hintret                intret       0000
__Hintsave_regs          intsave_regs 0000
__Hirdata                irdata       0000
__Hmediumconst           mediumconst  0000
__HnvFARRAM              nvFARRAM     0000
__Hnvbit                 nvbit        0000
__Hnvrram                nvrram       0000
__Hparam                 rparam       0000
__Hpowerup               powerup      0000
__Hram                   ram          0000
__Hramtop                ramtop       0F00
__Hrbit                  rbit         0000
__Hrbss                  rbss         0000
__Hrdata                 rdata        0000
__Hreset_vec             reset_vec    0000
__Hrparam                rparam       0000
__Hsfr                   sfr          0000
__Hsmallconst            smallconst   0F0E
__Hspace_0               (abs)        30A8
__Hspace_1               (abs)        00E5
__Hspace_2               (abs)        0000
__Hspace_3               (abs)        0000
__Hspace_4               (abs)        0000
__Hstack                 stack        0000
__Hstruct                struct       0000
__Htemp                  temp         0000
__Htext                  text         0000
__Htext0                 text0        0000
__Htext1                 text1        0000
__Htext10                text10       0000
__Htext11                text11       0000
__Htext12                text12       0000
__Htext13                text13       0000
__Htext14                text14       0000
__Htext15                text15       0000
__Htext16                text16       0000
__Htext17                text17       0000
__Htext18                text18       0000
__Htext19                text19       0000
__Htext2                 text2        0000
__Htext20                text20       0000
__Htext21                text21       0000
__Htext3                 text3        0000
__Htext4                 text4        0000
__Htext5                 text5        0000
__Htext6                 text6        0000
__Htext7                 text7        0000
__Htext8                 text8        0000
__Htext9                 text9        0000
__Hudata                 udata        0000
__Hudata_acs             udata_acs    0000
__Hudata_bank0           udata_bank0  0000
__Hudata_bank1           udata_bank1  0000
__Hudata_bank10          udata_bank10 0000
__Hudata_bank11          udata_bank11 0000
__Hudata_bank12          udata_bank12 0000
__Hudata_bank14          udata_bank14 0000
__Hudata_bank2           udata_bank2  0000
__Hudata_bank3           udata_bank3  0000
__Hudata_bank4           udata_bank4  0000
__Hudata_bank5           udata_bank5  0000
__Hudata_bank6           udata_bank6  0000
__Hudata_bank7           udata_bank7  0000
__Hudata_bank8           udata_bank8  0000
__Hudata_bank9           udata_bank9  0000
__LRAM                   (abs)        0001
__L__absolute__          __absolute__ 0000
__Labs1                  abs1         0000
__Lbank0                 bank0        0000
__Lbank1                 bank1        0000
__Lbank10                bank10       0000
__Lbank11                bank11       0000
__Lbank12                bank12       0000
__Lbank14                bank14       0000
__Lbank2                 bank2        0000
__Lbank3                 bank3        0000
__Lbank4                 bank4        0000
__Lbank5                 bank5        0000
__Lbank6                 bank6        0000
__Lbank7                 bank7        0000
__Lbank8                 bank8        0000
__Lbank9                 bank9        0000
__Lbigbss                bigbss       0000
__Lbigdata               bigdata      0000
__Lbigram                bigram       0000
__Lbigsfr                bigsfr       0000
__Lbss                   bss          0000
__LbssBANK0              bssBANK0     0000
__LbssCOMRAM             bssCOMRAM    0000
__Lcinit                 cinit        0000
__Lclrtext               clrtext      0000
__Lcode                  code         0000
__Lcomram                comram       0000
__Lconfig                config       0000
__Lconst                 const        0000
__LcstackBANK0           cstackBANK0  0000
__LcstackCOMRAM          cstackCOMRAM 0000
__Ldata                  data         0000
__Ledata                 edata        0000
__Leeprom_data           eeprom_data  0000
__Lfarbss                farbss       0000
__Lfardata               fardata      0000
__Lheap                  heap         0000
__Libigdata              ibigdata     0000
__Lidata                 idata        0000
__Lidloc                 idloc        0000
__Lifardata              ifardata     0000
__Linit                  init         0000
__Lintcode               intcode      0000
__Lintcode_body          intcode_body 0000
__Lintcodelo             intcodelo    0000
__Lintentry              intentry     0000
__Lintret                intret       0000
__Lintsave_regs          intsave_regs 0000
__Lirdata                irdata       0000
__Lmediumconst           mediumconst  0000
__LnvFARRAM              nvFARRAM     0000
__Lnvbit                 nvbit        0000
__Lnvrram                nvrram       0000
__Lparam                 rparam       0000
__Lpowerup               powerup      0000
__Lram                   ram          0000
__Lramtop                ramtop       0F00
__Lrbit                  rbit         0000
__Lrbss                  rbss         0000
__Lrdata                 rdata        0000
__Lreset_vec             reset_vec    0000
__Lrparam                rparam       0000
__Lsfr                   sfr          0000
__Lsmallconst            smallconst   0F00
__Lspace_0               (abs)        0000
__Lspace_1               (abs)        0000
__Lspace_2               (abs)        0000
__Lspace_3               (abs)        0000
__Lspace_4               (abs)        0000
__Lstack                 stack        0000
__Lstruct                struct       0000
__Ltemp                  temp         0000
__Ltext                  text         0000
__Ltext0                 text0        0000
__Ltext1                 text1        0000
__Ltext10                text10       0000
__Ltext11                text11       0000
__Ltext12                text12       0000
__Ltext13                text13       0000
__Ltext14                text14       0000
__Ltext15                text15       0000
__Ltext16                text16       0000
__Ltext17                text17       0000
__Ltext18                text18       0000
__Ltext19                text19       0000
__Ltext2                 text2        0000
__Ltext20                text20       0000
__Ltext21                text21       0000
__Ltext3                 text3        0000
__Ltext4                 text4        0000
__Ltext5                 text5        0000
__Ltext6                 text6        0000
__Ltext7                 text7        0000
__Ltext8                 text8        0000
__Ltext9                 text9        0000
__Ludata                 udata        0000
__Ludata_acs             udata_acs    0000
__Ludata_bank0           udata_bank0  0000
__Ludata_bank1           udata_bank1  0000
__Ludata_bank10          udata_bank10 0000
__Ludata_bank11          udata_bank11 0000
__Ludata_bank12          udata_bank12 0000
__Ludata_bank14          udata_bank14 0000
__Ludata_bank2           udata_bank2  0000
__Ludata_bank3           udata_bank3  0000
__Ludata_bank4           udata_bank4  0000
__Ludata_bank5           udata_bank5  0000
__Ludata_bank6           udata_bank6  0000
__Ludata_bank7           udata_bank7  0000
__Ludata_bank8           udata_bank8  0000
__Ludata_bank9           udata_bank9  0000
__S0                     (abs)        30A8
__S1                     (abs)        00E5
__S3                     (abs)        0000
__S4                     (abs)        0000
__S5                     (abs)        0000
___fladd                 text16       18BE
___fladd@a               cstackCOMRAM 0005
___fladd@aexp            cstackCOMRAM 000E
___fladd@b               cstackCOMRAM 0001
___fladd@bexp            cstackCOMRAM 000F
___fladd@grs             cstackCOMRAM 0010
___fladd@signs           cstackCOMRAM 000D
___fldiv                 text21       21A8
___fldiv@a               cstackCOMRAM 0005
___fldiv@aexp            cstackCOMRAM 0019
___fldiv@b               cstackCOMRAM 0001
___fldiv@bexp            cstackCOMRAM 0018
___fldiv@grs             cstackCOMRAM 0014
___fldiv@new_exp         cstackCOMRAM 0012
___fldiv@rem             cstackCOMRAM 000D
___fldiv@sign            cstackCOMRAM 0011
___fleq                  text20       2D12
___fleq@ff1              cstackCOMRAM 0001
___fleq@ff2              cstackCOMRAM 0005
___flge                  text19       2A46
___flge@ff1              cstackCOMRAM 001A
___flge@ff2              cstackCOMRAM 001E
___flmul                 text18       1D7E
___flmul@a               cstackCOMRAM 0005
___flmul@aexp            cstackCOMRAM 0012
___flmul@b               cstackCOMRAM 0001
___flmul@bexp            cstackCOMRAM 0013
___flmul@grs             cstackCOMRAM 000E
___flmul@prod            cstackCOMRAM 0014
___flmul@sign            cstackCOMRAM 000D
___flmul@temp            cstackCOMRAM 0018
___flneg                 text17       2FFE
___flneg@f1              cstackCOMRAM 0001
___flsub                 text15       2F38
___flsub@a               cstackCOMRAM 001E
___flsub@b               cstackCOMRAM 001A
___fltol                 text14       2940
___fltol@exp1            cstackCOMRAM 000A
___fltol@f1              cstackCOMRAM 0001
___fltol@sign1           cstackCOMRAM 0009
___fpclassifyf           text13       2B4A
___fpclassifyf@F465      bssCOMRAM    0054
___fpclassifyf@e         cstackCOMRAM 0009
___fpclassifyf@u         cstackCOMRAM 000B
___fpclassifyf@x         cstackCOMRAM 0001
___heap_hi               (abs)        0000
___heap_lo               (abs)        0000
___inthi_sp              stack        0000
___inthi_stack_hi        stack        0000
___inthi_stack_lo        stack        0000
___intlo_sp              stack        0000
___intlo_stack_hi        stack        0000
___intlo_stack_lo        stack        0000
___param_bank            (abs)        0000
___rparam_used           (abs)        0001
___sp                    stack        0000
___stack_hi              stack        0000
___stack_lo              stack        0000
__accesstop              (abs)        0060
__activetblptr           (abs)        0003
__end_of___fladd         text16       1D7E
__end_of___fldiv         text21       2542
__end_of___fleq          text20       2DBC
__end_of___flge          text19       2B4A
__end_of___flmul         text18       21A8
__end_of___flneg         text17       3036
__end_of___flsub         text15       2F7E
__end_of___fltol         text14       2A46
__end_of___fpclassifyf   text13       2C48
__end_of__initialization cinit        3084
__end_of_efgtoa          text4        18BE
__end_of_floorf          text12       2754
__end_of_fputc           text8        2D12
__end_of_fputs           text7        2FBE
__end_of_labs            text11       2EF2
__end_of_main            text0        2E32
__end_of_memcpy          text10       2FFE
__end_of_pad             text6        2E9C
__end_of_printf          text1        30A4
__end_of_putch           text9        30A8
__end_of_strcpy          text5        306C
__end_of_vfpfcnvrt       text3        2940
__end_of_vfprintf        text2        2F38
__initialization         cinit        306C
__mediumconst            mediumconst  0000
__pbssBANK0              bssBANK0     0060
__pbssCOMRAM             bssCOMRAM    0054
__pcinit                 cinit        306C
__pcstackBANK0           cstackBANK0  00B4
__pcstackCOMRAM          cstackCOMRAM 0001
__psmallconst            smallconst   0F00
__ptext0                 text0        2DBC
__ptext1                 text1        308A
__ptext10                text10       2FBE
__ptext11                text11       2E9C
__ptext12                text12       2542
__ptext13                text13       2B4A
__ptext14                text14       2940
__ptext15                text15       2F38
__ptext16                text16       18BE
__ptext17                text17       2FFE
__ptext18                text18       1D7E
__ptext19                text19       2A46
__ptext2                 text2        2EF2
__ptext20                text20       2D12
__ptext21                text21       21A8
__ptext3                 text3        2754
__ptext4                 text4        0F0E
__ptext5                 text5        3036
__ptext6                 text6        2E32
__ptext7                 text7        2F7E
__ptext8                 text8        2C48
__ptext9                 text9        30A6
__ramtop                 ramtop       0F00
__smallconst             smallconst   0F00
_bar                     barfunc      30A4
_dbuf                    bssBANK0     0064
_efgtoa                  text4        0F0E
_efgtoa$591              cstackBANK0  00BA
_flags                   bssCOMRAM    005C
_floorf                  text12       2542
_fputc                   text8        2C48
_fputs                   text7        2F7E
_labs                    text11       2E9C
_main                    text0        2DBC
_memcpy                  text10       2FBE
_pad                     text6        2E32
_prec                    bssCOMRAM    005A
_printf                  text1        308A
_putch                   text9        30A6
_strcpy                  text5        3036
_vfpfcnvrt               text3        2754
_vfprintf                text2        2EF2
_width                   bssCOMRAM    0058
efgtoa@c                 cstackCOMRAM 0034
efgtoa@d                 cstackBANK0  00BF
efgtoa@e                 cstackBANK0  00C3
efgtoa@f                 cstackCOMRAM 0030
efgtoa@fp                cstackCOMRAM 002E
efgtoa@g                 cstackBANK0  00D8
efgtoa@h                 cstackBANK0  00CD
efgtoa@i                 cstackBANK0  00CB
efgtoa@l                 cstackBANK0  00D1
efgtoa@m                 cstackBANK0  00C1
efgtoa@mode              cstackBANK0  00BD
efgtoa@n                 cstackBANK0  00D6
efgtoa@ne                cstackBANK0  00B4
efgtoa@nmode             cstackBANK0  00BE
efgtoa@ou                cstackBANK0  00C7
efgtoa@p                 cstackBANK0  00B6
efgtoa@pp                cstackBANK0  00BC
efgtoa@sign              cstackBANK0  00D5
efgtoa@t                 cstackBANK0  00B8
efgtoa@u                 cstackBANK0  00DC
efgtoa@w                 cstackBANK0  00C5
end_of_initialization    cinit        3084
floorf@F521              bssBANK0     0060
floorf@e                 cstackCOMRAM 0028
floorf@m                 cstackCOMRAM 0024
floorf@u                 cstackCOMRAM 002A
floorf@x                 cstackCOMRAM 001A
fputc@c                  cstackCOMRAM 0001
fputc@fp                 cstackCOMRAM 0003
fputs@c                  cstackCOMRAM 000D
fputs@fp                 cstackCOMRAM 000B
fputs@i                  cstackCOMRAM 000E
fputs@s                  cstackCOMRAM 000A
intlevel0                text         0000
intlevel1                text         0000
intlevel2                text         0000
intlevel3                text         0000
isa$std                  (abs)        0001
isa$xinst                (abs)        0000
labs@a                   cstackCOMRAM 0001
main@x                   cstackCOMRAM 004C
main@y                   cstackCOMRAM 0048
main@z                   cstackCOMRAM 0050
memcpy@d                 cstackCOMRAM 0006
memcpy@d1                cstackCOMRAM 0001
memcpy@n                 cstackCOMRAM 0003
memcpy@s                 cstackCOMRAM 0007
memcpy@s1                cstackCOMRAM 0002
memcpy@tmp               cstackCOMRAM 0005
pad@buf                  cstackCOMRAM 0012
pad@fp                   cstackCOMRAM 0010
pad@i                    cstackCOMRAM 0016
pad@p                    cstackCOMRAM 0013
printf@ap                cstackCOMRAM 0047
printf@fmt               cstackBANK0  00E0
stackhi                  (abs)        0000
stacklo                  (abs)        0000
start                    init         0000
start_initialization     cinit        306C
strcpy@d                 cstackCOMRAM 0004
strcpy@dest              cstackCOMRAM 0001
strcpy@src               cstackCOMRAM 0002
vfpfcnvrt@ap             cstackCOMRAM 0039
vfpfcnvrt@c              cstackCOMRAM 0040
vfpfcnvrt@convarg        cstackCOMRAM 003C
vfpfcnvrt@cp             cstackCOMRAM 0041
vfpfcnvrt@fmt            cstackCOMRAM 0038
vfpfcnvrt@fp             cstackCOMRAM 0036
vfprintf@ap              cstackCOMRAM 0045
vfprintf@cfmt            cstackCOMRAM 0046
vfprintf@fmt             cstackCOMRAM 0044
vfprintf@fp              cstackCOMRAM 0042


MODULE INFORMATION

Module		Function		Class		Link	Load	Size
C:\Program Files\Microchip\xc8\v2.45\pic\sources\c99\common\fleq.c
		___fleq        		CODE           	2D12	0000	170

C:\Program Files\Microchip\xc8\v2.45\pic\sources\c99\common\fleq.c estimated size: 170

C:\Program Files\Microchip\xc8\v2.45\pic\sources\c99\common\memcpy.c
		_memcpy        		CODE           	2FBE	0000	64

C:\Program Files\Microchip\xc8\v2.45\pic\sources\c99\common\memcpy.c estimated size: 64

teste_1.c
		_main          		CODE           	2DBC	0000	118

teste_1.c estimated size: 118

C:\Program Files\Microchip\xc8\v2.45\pic\sources\c99\common\flneg.c
		___flneg       		CODE           	2FFE	0000	56

C:\Program Files\Microchip\xc8\v2.45\pic\sources\c99\common\flneg.c estimated size: 56

C:\Program Files\Microchip\xc8\v2.45\pic\sources\c99\common\printf.c
		_printf        		CODE           	308A	0000	26

C:\Program Files\Microchip\xc8\v2.45\pic\sources\c99\common\printf.c estimated size: 26

C:\Program Files\Microchip\xc8\v2.45\pic\sources\c99\common\sprcmul.c
		___flmul       		CODE           	1D7E	0000	1066

C:\Program Files\Microchip\xc8\v2.45\pic\sources\c99\common\sprcmul.c estimated size: 1066

C:\Program Files\Microchip\xc8\v2.45\pic\sources\c99\common\labs.c
		_labs          		CODE           	2E9C	0000	86

C:\Program Files\Microchip\xc8\v2.45\pic\sources\c99\common\labs.c estimated size: 86

C:\Program Files\Microchip\xc8\v2.45\pic\sources\c99\common\nf_fputs.c
		_fputs         		CODE           	2F7E	0000	64

C:\Program Files\Microchip\xc8\v2.45\pic\sources\c99\common\nf_fputs.c estimated size: 64

C:\Program Files\Microchip\xc8\v2.45\pic\sources\c99\common\sprcdiv.c
		___fldiv       		CODE           	21A8	0000	922

C:\Program Files\Microchip\xc8\v2.45\pic\sources\c99\common\sprcdiv.c estimated size: 922

C:\Program Files\Microchip\xc8\v2.45\pic\sources\c99\common\floorf.c
		_floorf        		CODE           	2542	0000	530

C:\Program Files\Microchip\xc8\v2.45\pic\sources\c99\common\floorf.c estimated size: 530

C:\Program Files\Microchip\xc8\v2.45\pic\sources\c99\common\putch.c
		_putch         		CODE           	30A6	0000	2

C:\Program Files\Microchip\xc8\v2.45\pic\sources\c99\common\putch.c estimated size: 2

C:\Program Files\Microchip\xc8\v2.45\pic\sources\c99\common\flge.c
		___flge        		CODE           	2A46	0000	260

C:\Program Files\Microchip\xc8\v2.45\pic\sources\c99\common\flge.c estimated size: 260

shared
		__initialization		CODE           	306C	0000	24

shared estimated size: 24

C:\Program Files\Microchip\xc8\v2.45\pic\sources\c99\common\__fpclassifyf.c
		___fpclassifyf 		CODE           	2B4A	0000	254

C:\Program Files\Microchip\xc8\v2.45\pic\sources\c99\common\__fpclassifyf.c estimated size: 254

C:\Program Files\Microchip\xc8\v2.45\pic\sources\c99\common\strcpy.c
		_strcpy        		CODE           	3036	0000	54

C:\Program Files\Microchip\xc8\v2.45\pic\sources\c99\common\strcpy.c estimated size: 54

C:\Program Files\Microchip\xc8\v2.45\pic\sources\c99\common\sprcadd.c
		___flsub       		CODE           	2F38	0000	70
		___fladd       		CODE           	18BE	0000	1216

C:\Program Files\Microchip\xc8\v2.45\pic\sources\c99\common\sprcadd.c estimated size: 1286

C:\Program Files\Microchip\xc8\v2.45\pic\sources\c99\common\nf_fputc.c
		_fputc         		CODE           	2C48	0000	202

C:\Program Files\Microchip\xc8\v2.45\pic\sources\c99\common\nf_fputc.c estimated size: 202

C:\Program Files\Microchip\xc8\v2.45\pic\sources\c99\common\doprnt.c
		_vfpfcnvrt     		CODE           	2754	0000	492
		_efgtoa        		CODE           	0F0E	0000	2480
		_pad           		CODE           	2E32	0000	106
		_vfprintf      		CODE           	2EF2	0000	70

C:\Program Files\Microchip\xc8\v2.45\pic\sources\c99\common\doprnt.c estimated size: 3148

C:\Program Files\Microchip\xc8\v2.45\pic\sources\c99\common\fltol.c
		___fltol       		CODE           	2940	0000	262

C:\Program Files\Microchip\xc8\v2.45\pic\sources\c99\common\fltol.c estimated size: 262

