Microchip MPLAB XC8 Compiler V2.45

Linker command line:

-W-3 \
  --edf=C:\Program Files\Microchip\xc8\v2.45\pic\dat\20230818022343_en.msgs \
  -cn -h+dist/default/debug\term.X.debug.sym \
  --cmf=dist/default/debug\term.X.debug.cmf -z -Q18F47Q10 \
  -oC:\Users\USER\AppData\Local\Temp\xcAsubc.\driver_tmp_3.o \
  --defsym=__MPLAB_BUILD=1 --fixupoverflow=error \
  -Mdist/default/debug/term.X.debug.map \
  --md=C:\Users\USER\AppData\Local\Temp\xcAsubc.\driver_tmp_0.dat -E1 \
  -ver=XC8 Compiler --acfsm=1493 -ACODE=00h-01FFFFh -ACONST=00h-01FFFFh \
  -ASMALLCONST=0F00h-0FFFhx497 -AMEDIUMCONST=0F00h-0FFFFh,010F00h-01FFFFh \
  -ACOMRAM=01h-05Fh -AABS1=00h-0CFFh,0E00h-0E1Eh \
  -ABIGRAM=01h-0CFFh,0E00h-0E1Eh -ARAM=060h-0FFh,0100h-01FFhx12,0E00h-0E1Eh \
  -ABANK0=060h-0FFh -ABANK1=0100h-01FFh -ABANK2=0200h-02FFh \
  -ABANK3=0300h-03FFh -ABANK4=0400h-04FFh -ABANK5=0500h-05FFh \
  -ABANK6=0600h-06FFh -ABANK7=0700h-07FFh -ABANK8=0800h-08FFh \
  -ABANK9=0900h-09FFh -ABANK10=0A00h-0AFFh -ABANK11=0B00h-0BFFh \
  -ABANK12=0C00h-0CFFh -ABANK14=0E00h-0E1Eh \
  -ASFR=0D00h-0DFFh,0E1Fh-0EFFh,0F00h-0F5Fh,0F60h-0FFFh \
  -ABIGSFR=0D00h-0DFFh,0E1Fh-0FFFh -AIDLOC=0200000h-02000FFh \
  -AEEDATA=0310000h-03103FFh -peeprom_data=EEDATA \
  -preset_vec=00h,intcode=08h,intcodelo,powerup,init -pramtop=0F00h \
  -psmallconst=SMALLCONST -pmediumconst=MEDIUMCONST -pconst=CONST \
  -AFARRAM=00h-00h \
  -prdata=COMRAM,nvrram=COMRAM,nvbit=COMRAM,rbss=COMRAM,rbit=COMRAM \
  -pfarbss=FARRAM,fardata=FARRAM,nvFARRAM=FARRAM \
  -pintsave_regs=BIGRAM,bigbss=BIGRAM,bigdata=BIGRAM -pbss=RAM \
  -pidata=CODE,irdata=CODE,ibigdata=CODE,ifardata=CODE -prparam=COMRAM \
  C:\Users\USER\AppData\Local\Temp\xcAsubc.\driver_tmp_14.o \
  dist/default/debug\term.X.debug.o build/default/debug/interrupt.o \
  build/default/debug/config.o build/default/debug/pass.o 

Object code version is 3.11

Machine type is 18F47Q10



                Name                               Link     Load   Length Selector   Space Scale
C:\Users\USER\AppData\Local\Temp\xcAsubc.\driver_tmp_14.o
                config                           300000   300000        C        0       4
                init                                 46       46        4        4       0
                reset_vec                             0        0        4        0       0
dist/default/debug\term.X.debug.o
                smallconst                          F00      F00       4C      780       0
                text9                              15FC     15FC        E      7A6       0
                text8                              130C     130C       C4      7A6       0
                text7                              13D0     13D0       B0      7A6       0
                text6                              155E     155E       34      7A6       0
                text5                              1592     1592       26      7A6       0
                text4                              1242     1242       CA      7A6       0
                text3                               F4C      F4C      200      7A6       0
                text2                              1520     1520       3E      7A6       0
                text1                              15D2     15D2       1A      7A6       0
                text0                              114C     114C       F6      7A6       0
                cstackCOMRAM                         29       29       25        1       1
                bssCOMRAM                             1        1       28        1       1
                cinit                              15B8     15B8       1A      7A6       0
build/default/debug/interrupt.o
                intcode                               8        8       3E        4       0
build/default/debug/config.o
                config                           300000   300000        C        0       4
                text0                              1480     1480       A0      7A6       0
build/default/debug/pass.o
                text3                              15EC     15EC       10      7A6       0

TOTAL           Name                               Link     Load   Length     Space
        CLASS   CODE           
                intcode                               8        8       3E         0
                init                                 46       46        4         0
                reset_vec                             0        0        4         0
                text9                              15FC     15FC        E         0
                text8                              130C     130C       C4         0
                text7                              13D0     13D0       B0         0
                text6                              155E     155E       34         0
                text5                              1592     1592       26         0
                text4                              1242     1242       CA         0
                text3                               F4C      F4C      200         0
                text2                              1520     1520       3E         0
                text1                              15D2     15D2       1A         0
                text0                              114C     114C       F6         0
                cinit                              15B8     15B8       1A         0
                text0                              1480     1480       A0         0
                text3                              15EC     15EC       10         0

        CLASS   CONST          

        CLASS   SMALLCONST     
                smallconst                          F00      F00       4C         0

        CLASS   MEDIUMCONST    

        CLASS   COMRAM         
                cstackCOMRAM                         29       29       25         1
                bssCOMRAM                             1        1       28         1

        CLASS   ABS1           

        CLASS   BIGRAM         

        CLASS   RAM            

        CLASS   BANK0          

        CLASS   BANK1          

        CLASS   BANK2          

        CLASS   BANK3          

        CLASS   BANK4          

        CLASS   BANK5          

        CLASS   BANK6          

        CLASS   BANK7          

        CLASS   BANK8          

        CLASS   BANK9          

        CLASS   BANK10         

        CLASS   BANK11         

        CLASS   BANK12         

        CLASS   BANK14         

        CLASS   SFR            

        CLASS   BIGSFR         

        CLASS   IDLOC          

        CLASS   EEDATA         

        CLASS   FARRAM         

        CLASS   HEAP           

        CLASS   STACK          

        CLASS   CONFIG         
                config                           300000   300000        C         4



SEGMENTS        Name                           Load    Length   Top    Selector   Space  Class

                reset_vec                      000000  000004  000004         0       0  CODE    
                bssCOMRAM                      000001  00004D  00004E         1       1  COMRAM  
                intcode                        000008  000042  00004A         4       0  CODE    
                smallconst                     000F00  00004C  000F4C       780       0  SMALLCON
                text3                          000F4C  0006BE  00160A       7A6       0  CODE    


UNUSED ADDRESS RANGES

        Name                Unused          Largest block    Delta
        BANK0            000060-0000FF               A0
        BANK1            000100-0001FF              100
        BANK10           000A00-000AFF              100
        BANK11           000B00-000BFF              100
        BANK12           000C00-000CFF              100
        BANK14           000E00-000E1E               1F
        BANK2            000200-0002FF              100
        BANK3            000300-0003FF              100
        BANK4            000400-0004FF              100
        BANK5            000500-0005FF              100
        BANK6            000600-0006FF              100
        BANK7            000700-0007FF              100
        BANK8            000800-0008FF              100
        BANK9            000900-0009FF              100
        BIGRAM           00004E-000CFF              CB2
                         000E00-000E1E               1F
        BIGSFR           000D00-000DFF              100
                         000E1F-000FFF              1E1
        CODE             000004-000007                4
                         00004A-000EFF              EB6
                         00160A-01FFFF            1E9F6
        COMRAM           00004E-00005F               12
        CONST            000004-000007                4
                         00004A-000EFF              EB6
                         00160A-01FFFF            1E9F6
        EEDATA           310000-3103FF              400
        IDLOC            200000-2000FF              100
        MEDIUMCONST      00160A-00FFFF             E9F6
                         010F00-01FFFF             F100
        RAM              000060-000CFF              100
                         000E00-000E1E               1F
        SFR              000D00-000DFF              100
                         000E1F-000FFF               E1
        SMALLCONST       00160A-01FFFF              100

                                  Symbol Table

?___awdiv                        cstackCOMRAM 000029
?___awmod                        cstackCOMRAM 000029
?_abs                            cstackCOMRAM 00002F
?_getch                          cstackCOMRAM 000029
?_printf                         cstackCOMRAM 000044
?_vfprintf                       cstackCOMRAM 00003F
_PIR3bits                        (abs)        000EC8
_RC1REG                          (abs)        000F98
_TX1REG                          (abs)        000F99
__HRAM                           (abs)        000000
__H__absolute__                  __absolute__ 000000
__Habs1                          abs1         000000
__Hbank0                         bank0        000000
__Hbank1                         bank1        000000
__Hbank10                        bank10       000000
__Hbank11                        bank11       000000
__Hbank12                        bank12       000000
__Hbank14                        bank14       000000
__Hbank2                         bank2        000000
__Hbank3                         bank3        000000
__Hbank4                         bank4        000000
__Hbank5                         bank5        000000
__Hbank6                         bank6        000000
__Hbank7                         bank7        000000
__Hbank8                         bank8        000000
__Hbank9                         bank9        000000
__Hbigbss                        bigbss       000000
__Hbigdata                       bigdata      000000
__Hbigram                        bigram       000000
__Hbigsfr                        bigsfr       000000
__Hbss                           bss          000000
__HbssCOMRAM                     bssCOMRAM    000000
__Hcinit                         cinit        000000
__Hclrtext                       clrtext      000000
__Hcode                          code         000000
__Hcomram                        comram       000000
__Hconfig                        config       30000C
__Hconst                         const        000000
__HcstackCOMRAM                  cstackCOMRAM 000000
__Hdata                          data         000000
__Hedata                         edata        000000
__Heeprom_data                   eeprom_data  000000
__Hfarbss                        farbss       000000
__Hfardata                       fardata      000000
__Hheap                          heap         000000
__Hibigdata                      ibigdata     000000
__Hidata                         idata        000000
__Hidloc                         idloc        000000
__Hifardata                      ifardata     000000
__Hinit                          init         00004A
__Hintcode                       intcode      000046
__Hintcode_body                  intcode_body 000000
__Hintcodelo                     intcodelo    000046
__Hintentry                      intentry     000000
__Hintret                        intret       000000
__Hintsave_regs                  intsave_regs 000000
__Hirdata                        irdata       000000
__Hmediumconst                   mediumconst  000000
__HnvFARRAM                      nvFARRAM     000000
__Hnvbit                         nvbit        000000
__Hnvrram                        nvrram       000000
__Hparam                         rparam       000000
__Hpowerup                       powerup      000046
__Hram                           ram          000000
__Hramtop                        ramtop       000F00
__Hrbit                          rbit         000000
__Hrbss                          rbss         000000
__Hrdata                         rdata        000000
__Hreset_vec                     reset_vec    000004
__Hrparam                        rparam       000000
__Hsfr                           sfr          000000
__Hsmallconst                    smallconst   000F4C
__Hspace_0                       (abs)        00160A
__Hspace_1                       (abs)        00004E
__Hspace_2                       (abs)        000000
__Hspace_3                       (abs)        000000
__Hspace_4                       (abs)        60000C
__Hstack                         stack        000000
__Hstruct                        struct       000000
__Htemp                          temp         000000
__Htext                          text         000000
__Htext0                         text0        000000
__Htext1                         text1        000000
__Htext2                         text2        000000
__Htext3                         text3        000000
__Htext4                         text4        000000
__Htext5                         text5        000000
__Htext6                         text6        000000
__Htext7                         text7        000000
__Htext8                         text8        000000
__Htext9                         text9        000000
__Hudata                         udata        000000
__Hudata_acs                     udata_acs    000000
__Hudata_bank0                   udata_bank0  000000
__Hudata_bank1                   udata_bank1  000000
__Hudata_bank10                  udata_bank10 000000
__Hudata_bank11                  udata_bank11 000000
__Hudata_bank12                  udata_bank12 000000
__Hudata_bank14                  udata_bank14 000000
__Hudata_bank2                   udata_bank2  000000
__Hudata_bank3                   udata_bank3  000000
__Hudata_bank4                   udata_bank4  000000
__Hudata_bank5                   udata_bank5  000000
__Hudata_bank6                   udata_bank6  000000
__Hudata_bank7                   udata_bank7  000000
__Hudata_bank8                   udata_bank8  000000
__Hudata_bank9                   udata_bank9  000000
__LRAM                           (abs)        000001
__L__absolute__                  __absolute__ 000000
__Labs1                          abs1         000000
__Lbank0                         bank0        000000
__Lbank1                         bank1        000000
__Lbank10                        bank10       000000
__Lbank11                        bank11       000000
__Lbank12                        bank12       000000
__Lbank14                        bank14       000000
__Lbank2                         bank2        000000
__Lbank3                         bank3        000000
__Lbank4                         bank4        000000
__Lbank5                         bank5        000000
__Lbank6                         bank6        000000
__Lbank7                         bank7        000000
__Lbank8                         bank8        000000
__Lbank9                         bank9        000000
__Lbigbss                        bigbss       000000
__Lbigdata                       bigdata      000000
__Lbigram                        bigram       000000
__Lbigsfr                        bigsfr       000000
__Lbss                           bss          000000
__LbssCOMRAM                     bssCOMRAM    000000
__Lcinit                         cinit        000000
__Lclrtext                       clrtext      000000
__Lcode                          code         000000
__Lcomram                        comram       000000
__Lconfig                        config       000000
__Lconst                         const        000000
__LcstackCOMRAM                  cstackCOMRAM 000000
__Ldata                          data         000000
__Ledata                         edata        000000
__Leeprom_data                   eeprom_data  000000
__Lfarbss                        farbss       000000
__Lfardata                       fardata      000000
__Lheap                          heap         000000
__Libigdata                      ibigdata     000000
__Lidata                         idata        000000
__Lidloc                         idloc        000000
__Lifardata                      ifardata     000000
__Linit                          init         000046
__Lintcode                       intcode      000008
__Lintcode_body                  intcode_body 000000
__Lintcodelo                     intcodelo    000046
__Lintentry                      intentry     000000
__Lintret                        intret       000000
__Lintsave_regs                  intsave_regs 000000
__Lirdata                        irdata       000000
__Lmediumconst                   mediumconst  000000
__LnvFARRAM                      nvFARRAM     000000
__Lnvbit                         nvbit        000000
__Lnvrram                        nvrram       000000
__Lparam                         rparam       000000
__Lpowerup                       powerup      000046
__Lram                           ram          000000
__Lramtop                        ramtop       000F00
__Lrbit                          rbit         000000
__Lrbss                          rbss         000000
__Lrdata                         rdata        000000
__Lreset_vec                     reset_vec    000000
__Lrparam                        rparam       000000
__Lsfr                           sfr          000000
__Lsmallconst                    smallconst   000F00
__Lspace_0                       (abs)        000000
__Lspace_1                       (abs)        000000
__Lspace_2                       (abs)        000000
__Lspace_3                       (abs)        000000
__Lspace_4                       (abs)        000000
__Lstack                         stack        000000
__Lstruct                        struct       000000
__Ltemp                          temp         000000
__Ltext                          text         000000
__Ltext0                         text0        000000
__Ltext1                         text1        000000
__Ltext2                         text2        000000
__Ltext3                         text3        000000
__Ltext4                         text4        000000
__Ltext5                         text5        000000
__Ltext6                         text6        000000
__Ltext7                         text7        000000
__Ltext8                         text8        000000
__Ltext9                         text9        000000
__Ludata                         udata        000000
__Ludata_acs                     udata_acs    000000
__Ludata_bank0                   udata_bank0  000000
__Ludata_bank1                   udata_bank1  000000
__Ludata_bank10                  udata_bank10 000000
__Ludata_bank11                  udata_bank11 000000
__Ludata_bank12                  udata_bank12 000000
__Ludata_bank14                  udata_bank14 000000
__Ludata_bank2                   udata_bank2  000000
__Ludata_bank3                   udata_bank3  000000
__Ludata_bank4                   udata_bank4  000000
__Ludata_bank5                   udata_bank5  000000
__Ludata_bank6                   udata_bank6  000000
__Ludata_bank7                   udata_bank7  000000
__Ludata_bank8                   udata_bank8  000000
__Ludata_bank9                   udata_bank9  000000
__S0                             (abs)        00160A
__S1                             (abs)        00004E
__S3                             (abs)        000000
__S5                             (abs)        000000
___awdiv                         text8        00130C
___awdiv@counter                 cstackCOMRAM 00002D
___awdiv@dividend                cstackCOMRAM 000029
___awdiv@divisor                 cstackCOMRAM 00002B
___awdiv@quotient                cstackCOMRAM 00002F
___awdiv@sign                    cstackCOMRAM 00002E
___awmod                         text7        0013D0
___awmod@counter                 cstackCOMRAM 00002D
___awmod@dividend                cstackCOMRAM 000029
___awmod@divisor                 cstackCOMRAM 00002B
___awmod@sign                    cstackCOMRAM 00002E
___heap_hi                       (abs)        000000
___heap_lo                       (abs)        000000
___inthi_sp                      stack        000000
___inthi_stack_hi                stack        000000
___inthi_stack_lo                stack        000000
___intlo_sp                      stack        000000
___intlo_stack_hi                stack        000000
___intlo_stack_lo                stack        000000
___param_bank                    (abs)        000000
___rparam_used                   (abs)        000001
___sp                            stack        000000
___stack_hi                      stack        000000
___stack_lo                      stack        000000
__accesstop                      (abs)        000060
__activetblptr                   (abs)        000001
__end_of___awdiv                 text8        0013D0
__end_of___awmod                 text7        001480
__end_of__initialization         cinit        0015C4
__end_of_abs                     text6        001592
__end_of_fputc                   text4        00130C
__end_of_getch                   text9        00160A
__end_of_main                    text0        001242
__end_of_printf                  text1        0015EC
__end_of_putch                   text5        0015B8
__end_of_vfpfcnvrt               text3        00114C
__end_of_vfprintf                text2        00155E
__initialization                 cinit        0015B8
__mediumconst                    mediumconst  000000
__pbssCOMRAM                     bssCOMRAM    000001
__pcinit                         cinit        0015B8
__pcstackCOMRAM                  cstackCOMRAM 000029
__psmallconst                    smallconst   000F00
__ptext0                         text0        00114C
__ptext1                         text1        0015D2
__ptext2                         text2        001520
__ptext3                         text3        000F4C
__ptext4                         text4        001242
__ptext5                         text5        001592
__ptext6                         text6        00155E
__ptext7                         text7        0013D0
__ptext8                         text8        00130C
__ptext9                         text9        0015FC
__ramtop                         ramtop       000F00
__smallconst                     smallconst   000F00
_abs                             text6        00155E
_config                          text0        001480
_dbuf                            bssCOMRAM    000001
_flags                           bssCOMRAM    000027
_fputc                           text4        001242
_get_char                        bssCOMRAM    000028
_getch                           text9        0015FC
_int_handler                     intcode      000008
_main                            text0        00114C
_pass_variable_between_C_and_ASM text3        0015EC
_prec                            bssCOMRAM    000023
_printf                          text1        0015D2
_putch                           text5        001592
_var_global                      bssCOMRAM    000025
_vfpfcnvrt                       text3        000F4C
_vfprintf                        text2        001520
_width                           bssCOMRAM    000021
abs@a                            cstackCOMRAM 00002F
end_of_initialization            cinit        0015C4
fputc@c                          cstackCOMRAM 00002A
fputc@fp                         cstackCOMRAM 00002C
intlevel0                        text         000000
intlevel1                        text         000000
intlevel2                        text         000000
intlevel3                        text         000000
isa$std                          (abs)        000001
isa$xinst                        (abs)        000000
main@j                           cstackCOMRAM 00004A
main@result                      cstackCOMRAM 00004C
printf@ap                        cstackCOMRAM 000047
printf@fmt                       cstackCOMRAM 000044
putch@byte                       cstackCOMRAM 000029
stackhi                          (abs)        000000
stacklo                          (abs)        000000
start                            init         000046
start_initialization             cinit        0015B8
vfpfcnvrt@ap                     cstackCOMRAM 000036
vfpfcnvrt@c                      cstackCOMRAM 00003E
vfpfcnvrt@convarg                cstackCOMRAM 00003A
vfpfcnvrt@cp                     cstackCOMRAM 000039
vfpfcnvrt@done                   cstackCOMRAM 000038
vfpfcnvrt@fmt                    cstackCOMRAM 000035
vfpfcnvrt@fp                     cstackCOMRAM 000033
vfprintf@ap                      cstackCOMRAM 000042
vfprintf@cfmt                    cstackCOMRAM 000043
vfprintf@fmt                     cstackCOMRAM 000041
vfprintf@fp                      cstackCOMRAM 00003F


MODULE INFORMATION

Module		Function		Class		Link	Load	Size
C:\Program Files\Microchip\xc8\v2.45\pic\sources\c99\common\printf.c
		_printf        		CODE           	15D2	0000	26

C:\Program Files\Microchip\xc8\v2.45\pic\sources\c99\common\printf.c estimated size: 26

main2.c
		_putch         		CODE           	1592	0000	38
		_main          		CODE           	114C	0000	246
		_getch         		CODE           	15FC	0000	14

main2.c estimated size: 298

C:\Program Files\Microchip\xc8\v2.45\pic\sources\c99\common\awmod.c
		___awmod       		CODE           	13D0	0000	176

C:\Program Files\Microchip\xc8\v2.45\pic\sources\c99\common\awmod.c estimated size: 176

shared
		__initialization		CODE           	15B8	0000	12

shared estimated size: 12

C:\Program Files\Microchip\xc8\v2.45\pic\sources\c99\common\abs.c
		_abs           		CODE           	155E	0000	52

C:\Program Files\Microchip\xc8\v2.45\pic\sources\c99\common\abs.c estimated size: 52

C:\Program Files\Microchip\xc8\v2.45\pic\sources\c99\common\nf_fputc.c
		_fputc         		CODE           	1242	0000	202

C:\Program Files\Microchip\xc8\v2.45\pic\sources\c99\common\nf_fputc.c estimated size: 202

C:\Program Files\Microchip\xc8\v2.45\pic\sources\c99\common\doprnt.c
		_vfpfcnvrt     		CODE           	0F4C	0000	512
		_vfprintf      		CODE           	1520	0000	62

C:\Program Files\Microchip\xc8\v2.45\pic\sources\c99\common\doprnt.c estimated size: 574

C:\Program Files\Microchip\xc8\v2.45\pic\sources\c99\common\awdiv.c
		___awdiv       		CODE           	130C	0000	196

C:\Program Files\Microchip\xc8\v2.45\pic\sources\c99\common\awdiv.c estimated size: 196

