Microchip MPLAB XC8 Compiler V2.45

Linker command line:

-W-3 \
  --edf=C:\Program Files\Microchip\xc8\v2.45\pic\dat\20230818022343_en.msgs \
  -cn -h+dist/default/debug\sensor.X.debug.sym \
  --cmf=dist/default/debug\sensor.X.debug.cmf -z -Q18F47Q10 \
  -oC:\Users\USER\AppData\Local\Temp\xcAsfls.\driver_tmp_3.o \
  --defsym=__MPLAB_BUILD=1 --fixupoverflow=error \
  -Mdist/default/debug/sensor.X.debug.map \
  --md=C:\Users\USER\AppData\Local\Temp\xcAsfls.\driver_tmp_0.dat -E1 \
  -ver=XC8 Compiler --acfsm=1493 -AHEAP=026Ch-0CFFh -pheap=HEAP \
  -ACODE=00h-01FFFFh -ACONST=00h-01FFFFh -ASMALLCONST=0F00h-0FFFhx497 \
  -AMEDIUMCONST=0F00h-0FFFFh,010F00h-01FFFFh -ACOMRAM=01h-05Fh \
  -AABS1=00h-0CFFh,0E00h-0E1Eh -ABIGRAM=01h-0CFFh,0E00h-0E1Eh \
  -ARAM=060h-0FFh,0100h-01FFhx12,0E00h-0E1Eh -ABANK0=060h-0FFh \
  -ABANK1=0100h-01FFh -ABANK2=0200h-02FFh -ABANK3=0300h-03FFh \
  -ABANK4=0400h-04FFh -ABANK5=0500h-05FFh -ABANK6=0600h-06FFh \
  -ABANK7=0700h-07FFh -ABANK8=0800h-08FFh -ABANK9=0900h-09FFh \
  -ABANK10=0A00h-0AFFh -ABANK11=0B00h-0BFFh -ABANK12=0C00h-0CFFh \
  -ABANK14=0E00h-0E1Eh \
  -ASFR=0D00h-0DFFh,0E1Fh-0EFFh,0F00h-0F5Fh,0F60h-0FFFh \
  -ABIGSFR=0D00h-0DFFh,0E1Fh-0FFFh -AIDLOC=0200000h-02000FFh \
  -AEEDATA=0310000h-03103FFh -peeprom_data=EEDATA \
  -preset_vec=00h,intcode=08h,intcodelo,powerup,init -pramtop=0F00h \
  -psmallconst=SMALLCONST -pmediumconst=MEDIUMCONST -pconst=CONST \
  -AFARRAM=00h-00h \
  -prdata=COMRAM,nvrram=COMRAM,nvbit=COMRAM,rbss=COMRAM,rbit=COMRAM \
  -pfarbss=FARRAM,fardata=FARRAM,nvFARRAM=FARRAM \
  -pintsave_regs=BIGRAM,bigbss=BIGRAM,bigdata=BIGRAM -pbss=RAM \
  -pidata=CODE,irdata=CODE,ibigdata=CODE,ifardata=CODE -prparam=COMRAM \
  C:\Users\USER\AppData\Local\Temp\xcAsfls.\driver_tmp_9.o \
  dist/default/debug\sensor.X.debug.o build/default/debug/config7.o \
  build/default/debug/int_handler.o build/default/debug/leds.o 

Object code version is 3.11

Machine type is 18F47Q10



                Name                               Link     Load   Length Selector   Space Scale
C:\Users\USER\AppData\Local\Temp\xcAsfls.\driver_tmp_9.o
                heap                                26C      26C      A94      26C       7
                config                           300000   300000        C        0       4
                init                                 3E       3E        4        4       0
                reset_vec                             0        0        4        0       0
dist/default/debug\sensor.X.debug.o
                smallconst                          F00      F00        2      780       0
                text21                             2F4E     2F4E      15A      781       0
                text20                             34EE     34EE       AC      781       0
                text19                             28BA     28BA      276      781       0
                text18                             2C94     2C94      15E      781       0
                text17                             37F6     37F6       26      781       0
                text16                             3172     3172       C2      781       0
                text15                             159E     159E      662      781       0
                text14                             3440     3440       AE      781       0
                text13                             1C00     1C00      62C      781       0
                text12                             3856     3856        E      781       0
                text11                             3736     3736       52      781       0
                text10                             3624     3624       8A      781       0
                text9                              222C     222C      416      781       0
                text8                              2DF2     2DF2      15C      781       0
                text7                              3392     3392       AE      781       0
                text6                              2642     2642      278      781       0
                text5                              2B30     2B30      164      781       0
                text4                              37D0     37D0       26      781       0
                text3                              30A8     30A8       CA      781       0
                text2                               F02      F02      69C      781       0
                text1                              32E4     32E4       AE      781       0
                text0                              36AE     36AE       88      781       0
                cstackCOMRAM                          1        1       33        1       1
                cstackBANK0                          60       60       31       60       1
                cstackBANK2                         200      200       6C      200       1
                dataBANK1                           186      186       48      100       1
                bssBANK1                            100      100       86      100       1
                dataBANK0                            91       91       21       60       1
                bssBANK0                             B2       B2       11       60       1
                dataCOMRAM                           34       34       19        1       1
                bssCOMRAM                            4D       4D        C        1       1
                cinit                              359A     359A       8A      781       0
                idataBANK1                         3788     3788       48      781       0
                idataBANK0                         381C     381C       21      781       0
                idataCOMRAM                        383D     383D       19      781       0
build/default/debug/config7.o
                config                           300000   300000        C        0       4
                text0                              3234     3234       B0      781       0
build/default/debug/int_handler.o
                intcode                               8        8       2E        4       0
build/default/debug/leds.o
                intcode                              36       36        8        4       0

TOTAL           Name                               Link     Load   Length     Space
        CLASS   HEAP           
                heap                                26C      26C      A94         7

        CLASS   CODE           
                intcode                               8        8       36         0
                init                                 3E       3E        4         0
                reset_vec                             0        0        4         0
                text21                             2F4E     2F4E      15A         0
                text20                             34EE     34EE       AC         0
                text19                             28BA     28BA      276         0
                text18                             2C94     2C94      15E         0
                text17                             37F6     37F6       26         0
                text16                             3172     3172       C2         0
                text15                             159E     159E      662         0
                text14                             3440     3440       AE         0
                text13                             1C00     1C00      62C         0
                text12                             3856     3856        E         0
                text11                             3736     3736       52         0
                text10                             3624     3624       8A         0
                text9                              222C     222C      416         0
                text8                              2DF2     2DF2      15C         0
                text7                              3392     3392       AE         0
                text6                              2642     2642      278         0
                text5                              2B30     2B30      164         0
                text4                              37D0     37D0       26         0
                text3                              30A8     30A8       CA         0
                text2                               F02      F02      69C         0
                text1                              32E4     32E4       AE         0
                text0                              36AE     36AE       88         0
                cinit                              359A     359A       8A         0
                idataBANK1                         3788     3788       48         0
                idataBANK0                         381C     381C       21         0
                idataCOMRAM                        383D     383D       19         0
                text0                              3234     3234       B0         0

        CLASS   CONST          

        CLASS   SMALLCONST     
                smallconst                          F00      F00        2         0

        CLASS   MEDIUMCONST    

        CLASS   COMRAM         
                cstackCOMRAM                          1        1       33         1
                dataCOMRAM                           34       34       19         1
                bssCOMRAM                            4D       4D        C         1

        CLASS   ABS1           

        CLASS   BIGRAM         

        CLASS   RAM            

        CLASS   BANK0          
                cstackBANK0                          60       60       31         1
                dataBANK0                            91       91       21         1
                bssBANK0                             B2       B2       11         1

        CLASS   BANK1          
                dataBANK1                           186      186       48         1
                bssBANK1                            100      100       86         1

        CLASS   BANK2          
                cstackBANK2                         200      200       6C         1

        CLASS   BANK3          

        CLASS   BANK4          

        CLASS   BANK5          

        CLASS   BANK6          

        CLASS   BANK7          

        CLASS   BANK8          

        CLASS   BANK9          

        CLASS   BANK10         

        CLASS   BANK11         

        CLASS   BANK12         

        CLASS   BANK14         

        CLASS   SFR            

        CLASS   BIGSFR         

        CLASS   IDLOC          

        CLASS   EEDATA         

        CLASS   FARRAM         

        CLASS   STACK          

        CLASS   CONFIG         
                config                           300000   300000        C         4



SEGMENTS        Name                           Load    Length   Top    Selector   Space  Class

                reset_vec                      000000  000004  000004         0       0  CODE    
                cstackCOMRAM                   000001  000058  000059         1       1  COMRAM  
                intcode                        000008  00003A  000042         4       0  CODE    
                cstackBANK0                    000060  000063  0000C3        60       1  BANK0   
                bssBANK1                       000100  0000CE  0001CE       100       1  BANK1   
                cstackBANK2                    000200  00006C  00026C       200       1  BANK2   
                heap                           00026C  000A94  000D00       26C       7  HEAP    
                smallconst                     000F00  000002  000F02       780       0  SMALLCON
                text2                          000F02  002962  003864       781       0  CODE    


UNUSED ADDRESS RANGES

        Name                Unused          Largest block    Delta
        BANK0            0000C3-0000FF               3D
        BANK1            0001CE-0001FF               32
        BANK10           000A00-000AFF              100
        BANK11           000B00-000BFF              100
        BANK12           000C00-000CFF              100
        BANK14           000E00-000E1E               1F
        BANK2            00026C-0002FF               94
        BANK3            000300-0003FF              100
        BANK4            000400-0004FF              100
        BANK5            000500-0005FF              100
        BANK6            000600-0006FF              100
        BANK7            000700-0007FF              100
        BANK8            000800-0008FF              100
        BANK9            000900-0009FF              100
        BIGRAM           000059-00005F                7
                         0000C3-0000FF               3D
                         0001CE-0001FF               32
                         00026C-000CFF              A94
                         000E00-000E1E               1F
        BIGSFR           000D00-000DFF              100
                         000E1F-000FFF              1E1
        CODE             000004-000007                4
                         000042-000EFF              EBE
                         003864-01FFFF            1C79C
        COMRAM           000059-00005F                7
        CONST            000004-000007                4
                         000042-000EFF              EBE
                         003864-01FFFF            1C79C
        EEDATA           310000-3103FF              400
        IDLOC            200000-2000FF              100
        MEDIUMCONST      003864-00FFFF             C79C
                         010F00-01FFFF             F100
        RAM              0000C3-0000FF               3D
                         0001CE-0001FF               32
                         00026C-000CFF              100
                         000E00-000E1E               1F
        SFR              000D00-000DFF              100
                         000E1F-000FFF               E1
        SMALLCONST       003864-01FFFF              100

                                  Symbol Table

?___expand_heap                      cstackCOMRAM 000001
?___simple_search_fl                 cstackCOMRAM 000001
?_getch                              cstackCOMRAM 000001
?_malloc                             cstackBANK0  000072
?i1___expand_heap                    cstackCOMRAM 000001
?i1___simple_search_fl               cstackCOMRAM 000001
?i1_malloc                           cstackCOMRAM 000015
_ADCON0bits                          (abs)        000F5B
_ADRESH                              (abs)        000F5F
_LED5_OFF                            intcode      000038
_LED5_ON                             intcode      000036
_LED6_OFF                            intcode      00003C
_LED6_ON                             intcode      00003A
_METATED                             bssBANK1     000170
_PIR1bits                            (abs)        000EC6
_PIR3bits                            (abs)        000EC8
_PORTA                               (abs)        000F8C
_RA5                                 (abs)        007C65
_RA6                                 (abs)        007C66
_RC1REG                              (abs)        000F98
_TCTEDS1                             bssBANK1     00014C
_TCTEDS2                             bssBANK1     000128
_TCTEDS3                             bssBANK1     000104
_TX1REG                              (abs)        000F99
__HRAM                               (abs)        000000
__H__absolute__                      __absolute__ 000000
__Habs1                              abs1         000000
__Hbank0                             bank0        000000
__Hbank1                             bank1        000000
__Hbank10                            bank10       000000
__Hbank11                            bank11       000000
__Hbank12                            bank12       000000
__Hbank14                            bank14       000000
__Hbank2                             bank2        000000
__Hbank3                             bank3        000000
__Hbank4                             bank4        000000
__Hbank5                             bank5        000000
__Hbank6                             bank6        000000
__Hbank7                             bank7        000000
__Hbank8                             bank8        000000
__Hbank9                             bank9        000000
__Hbigbss                            bigbss       000000
__Hbigdata                           bigdata      000000
__Hbigram                            bigram       000000
__Hbigsfr                            bigsfr       000000
__Hbss                               bss          000000
__HbssBANK0                          bssBANK0     000000
__HbssBANK1                          bssBANK1     000000
__HbssCOMRAM                         bssCOMRAM    000000
__Hcinit                             cinit        000000
__Hclrtext                           clrtext      000000
__Hcode                              code         000000
__Hcomram                            comram       000000
__Hconfig                            config       30000C
__Hconst                             const        000000
__HcstackBANK0                       cstackBANK0  000000
__HcstackBANK2                       cstackBANK2  000000
__HcstackCOMRAM                      cstackCOMRAM 000000
__Hdata                              data         000000
__HdataBANK0                         dataBANK0    000000
__HdataBANK1                         dataBANK1    000000
__HdataCOMRAM                        dataCOMRAM   000000
__Hedata                             edata        000000
__Heeprom_data                       eeprom_data  000000
__Hfarbss                            farbss       000000
__Hfardata                           fardata      000000
__Hheap                              heap         000D00
__Hibigdata                          ibigdata     000000
__Hidata                             idata        000000
__HidataBANK0                        idataBANK0   000000
__HidataBANK1                        idataBANK1   000000
__HidataCOMRAM                       idataCOMRAM  000000
__Hidloc                             idloc        000000
__Hifardata                          ifardata     000000
__Hinit                              init         000042
__Hintcode                           intcode      00003E
__Hintcode_body                      intcode_body 000000
__Hintcodelo                         intcodelo    00003E
__Hintentry                          intentry     000000
__Hintret                            intret       000000
__Hintsave_regs                      intsave_regs 000000
__Hirdata                            irdata       000000
__Hmediumconst                       mediumconst  000000
__HnvFARRAM                          nvFARRAM     000000
__Hnvbit                             nvbit        000000
__Hnvrram                            nvrram       000000
__Hparam                             rparam       000000
__Hpowerup                           powerup      00003E
__Hram                               ram          000000
__Hramtop                            ramtop       000F00
__Hrbit                              rbit         000000
__Hrbss                              rbss         000000
__Hrdata                             rdata        000000
__Hreset_vec                         reset_vec    000004
__Hrparam                            rparam       000000
__Hsfr                               sfr          000000
__Hsmallconst                        smallconst   000F02
__Hspace_0                           (abs)        003864
__Hspace_1                           (abs)        00026C
__Hspace_2                           (abs)        000000
__Hspace_3                           (abs)        000000
__Hspace_4                           (abs)        60000C
__Hstack                             stack        000000
__Hstruct                            struct       000000
__Htemp                              temp         000000
__Htext                              text         000000
__Htext0                             text0        000000
__Htext1                             text1        000000
__Htext10                            text10       000000
__Htext11                            text11       000000
__Htext12                            text12       000000
__Htext13                            text13       000000
__Htext14                            text14       000000
__Htext15                            text15       000000
__Htext16                            text16       000000
__Htext17                            text17       000000
__Htext18                            text18       000000
__Htext19                            text19       000000
__Htext2                             text2        000000
__Htext20                            text20       000000
__Htext21                            text21       000000
__Htext3                             text3        000000
__Htext4                             text4        000000
__Htext5                             text5        000000
__Htext6                             text6        000000
__Htext7                             text7        000000
__Htext8                             text8        000000
__Htext9                             text9        000000
__Hudata                             udata        000000
__Hudata_acs                         udata_acs    000000
__Hudata_bank0                       udata_bank0  000000
__Hudata_bank1                       udata_bank1  000000
__Hudata_bank10                      udata_bank10 000000
__Hudata_bank11                      udata_bank11 000000
__Hudata_bank12                      udata_bank12 000000
__Hudata_bank14                      udata_bank14 000000
__Hudata_bank2                       udata_bank2  000000
__Hudata_bank3                       udata_bank3  000000
__Hudata_bank4                       udata_bank4  000000
__Hudata_bank5                       udata_bank5  000000
__Hudata_bank6                       udata_bank6  000000
__Hudata_bank7                       udata_bank7  000000
__Hudata_bank8                       udata_bank8  000000
__Hudata_bank9                       udata_bank9  000000
__LRAM                               (abs)        000001
__L__absolute__                      __absolute__ 000000
__Labs1                              abs1         000000
__Lbank0                             bank0        000000
__Lbank1                             bank1        000000
__Lbank10                            bank10       000000
__Lbank11                            bank11       000000
__Lbank12                            bank12       000000
__Lbank14                            bank14       000000
__Lbank2                             bank2        000000
__Lbank3                             bank3        000000
__Lbank4                             bank4        000000
__Lbank5                             bank5        000000
__Lbank6                             bank6        000000
__Lbank7                             bank7        000000
__Lbank8                             bank8        000000
__Lbank9                             bank9        000000
__Lbigbss                            bigbss       000000
__Lbigdata                           bigdata      000000
__Lbigram                            bigram       000000
__Lbigsfr                            bigsfr       000000
__Lbss                               bss          000000
__LbssBANK0                          bssBANK0     000000
__LbssBANK1                          bssBANK1     000000
__LbssCOMRAM                         bssCOMRAM    000000
__Lcinit                             cinit        000000
__Lclrtext                           clrtext      000000
__Lcode                              code         000000
__Lcomram                            comram       000000
__Lconfig                            config       000000
__Lconst                             const        000000
__LcstackBANK0                       cstackBANK0  000000
__LcstackBANK2                       cstackBANK2  000000
__LcstackCOMRAM                      cstackCOMRAM 000000
__Ldata                              data         000000
__LdataBANK0                         dataBANK0    000000
__LdataBANK1                         dataBANK1    000000
__LdataCOMRAM                        dataCOMRAM   000000
__Ledata                             edata        000000
__Leeprom_data                       eeprom_data  000000
__Lfarbss                            farbss       000000
__Lfardata                           fardata      000000
__Lheap                              heap         00026C
__Libigdata                          ibigdata     000000
__Lidata                             idata        000000
__LidataBANK0                        idataBANK0   000000
__LidataBANK1                        idataBANK1   000000
__LidataCOMRAM                       idataCOMRAM  000000
__Lidloc                             idloc        000000
__Lifardata                          ifardata     000000
__Linit                              init         00003E
__Lintcode                           intcode      000008
__Lintcode_body                      intcode_body 000000
__Lintcodelo                         intcodelo    00003E
__Lintentry                          intentry     000000
__Lintret                            intret       000000
__Lintsave_regs                      intsave_regs 000000
__Lirdata                            irdata       000000
__Lmediumconst                       mediumconst  000000
__LnvFARRAM                          nvFARRAM     000000
__Lnvbit                             nvbit        000000
__Lnvrram                            nvrram       000000
__Lparam                             rparam       000000
__Lpowerup                           powerup      00003E
__Lram                               ram          000000
__Lramtop                            ramtop       000F00
__Lrbit                              rbit         000000
__Lrbss                              rbss         000000
__Lrdata                             rdata        000000
__Lreset_vec                         reset_vec    000000
__Lrparam                            rparam       000000
__Lsfr                               sfr          000000
__Lsmallconst                        smallconst   000F00
__Lspace_0                           (abs)        000000
__Lspace_1                           (abs)        000000
__Lspace_2                           (abs)        000000
__Lspace_3                           (abs)        000000
__Lspace_4                           (abs)        000000
__Lstack                             stack        000000
__Lstruct                            struct       000000
__Ltemp                              temp         000000
__Ltext                              text         000000
__Ltext0                             text0        000000
__Ltext1                             text1        000000
__Ltext10                            text10       000000
__Ltext11                            text11       000000
__Ltext12                            text12       000000
__Ltext13                            text13       000000
__Ltext14                            text14       000000
__Ltext15                            text15       000000
__Ltext16                            text16       000000
__Ltext17                            text17       000000
__Ltext18                            text18       000000
__Ltext19                            text19       000000
__Ltext2                             text2        000000
__Ltext20                            text20       000000
__Ltext21                            text21       000000
__Ltext3                             text3        000000
__Ltext4                             text4        000000
__Ltext5                             text5        000000
__Ltext6                             text6        000000
__Ltext7                             text7        000000
__Ltext8                             text8        000000
__Ltext9                             text9        000000
__Ludata                             udata        000000
__Ludata_acs                         udata_acs    000000
__Ludata_bank0                       udata_bank0  000000
__Ludata_bank1                       udata_bank1  000000
__Ludata_bank10                      udata_bank10 000000
__Ludata_bank11                      udata_bank11 000000
__Ludata_bank12                      udata_bank12 000000
__Ludata_bank14                      udata_bank14 000000
__Ludata_bank2                       udata_bank2  000000
__Ludata_bank3                       udata_bank3  000000
__Ludata_bank4                       udata_bank4  000000
__Ludata_bank5                       udata_bank5  000000
__Ludata_bank6                       udata_bank6  000000
__Ludata_bank7                       udata_bank7  000000
__Ludata_bank8                       udata_bank8  000000
__Ludata_bank9                       udata_bank9  000000
__S0                                 (abs)        003864
__S1                                 (abs)        00026C
__S3                                 (abs)        000000
__S5                                 (abs)        000000
__S7                                 (abs)        000D00
___expand_heap                       text7        003392
___expand_heap@n                     cstackBANK0  000062
___expand_heap@new_brkp              cstackBANK0  000064
___expand_heap@pn                    cstackCOMRAM 000001
___freelist                          bssCOMRAM    000055
___heap_hi                           heap         000D00
___heap_lo                           heap         00026C
___inthi_sp                          stack        000000
___inthi_stack_hi                    stack        000000
___inthi_stack_lo                    stack        000000
___intlo_sp                          stack        000000
___intlo_stack_hi                    stack        000000
___intlo_stack_lo                    stack        000000
___param_bank                        (abs)        000000
___rparam_used                       (abs)        000001
___simple_search_fl                  text6        002642
___simple_search_fl@best             cstackBANK0  000070
___simple_search_fl@best_last        cstackBANK0  000066
___simple_search_fl@c                cstackBANK0  00006E
___simple_search_fl@last             cstackBANK0  00006A
___simple_search_fl@n                cstackCOMRAM 000001
___simple_search_fl@next             cstackBANK0  00006C
___simple_search_fl@remaining_size   cstackBANK0  000064
___simple_search_fl@split            cstackBANK0  000068
___sp                                stack        000000
___stack_hi                          stack        000000
___stack_lo                          stack        000000
__accesstop                          (abs)        000060
__activetblptr                       (abs)        000000
__end_of___expand_heap               text7        003440
__end_of___simple_search_fl          text6        0028BA
__end_of__initialization             cinit        00361E
__end_of_define_METATEDS             text10       0036AE
__end_of_define_TCTEDS               text9        002642
__end_of_free                        text8        002F4E
__end_of_getch                       text12       003864
__end_of_identify_NCAP_cmd           text13       00222C
__end_of_main                        text0        003736
__end_of_malloc                      text5        002C94
__end_of_memcpy                      text11       003788
__end_of_putch                       text4        0037F6
__end_of_send_METATEDS               text3        003172
__end_of_send_TCTEDS                 text2        00159E
__end_of_send_VALUE                  text1        003392
__end_ofi1___expand_heap             text20       00359A
__end_ofi1___simple_search_fl        text19       002B30
__end_ofi1_free                      text21       0030A8
__end_ofi1_malloc                    text18       002DF2
__end_ofi1_putch                     text17       00381C
__end_ofi1_send_METATEDS             text16       003234
__end_ofi1_send_TCTEDS               text15       001C00
__end_ofi1_send_VALUE                text14       0034EE
__initialization                     cinit        00359A
__mediumconst                        mediumconst  000000
__pbssBANK0                          bssBANK0     0000B2
__pbssBANK1                          bssBANK1     000100
__pbssCOMRAM                         bssCOMRAM    00004D
__pcinit                             cinit        00359A
__pcstackBANK0                       cstackBANK0  000060
__pcstackBANK2                       cstackBANK2  000200
__pcstackCOMRAM                      cstackCOMRAM 000001
__pdataBANK0                         dataBANK0    000091
__pdataBANK1                         dataBANK1    000186
__pdataCOMRAM                        dataCOMRAM   000034
__pidataBANK0                        idataBANK0   00381C
__pidataBANK1                        idataBANK1   003788
__pidataCOMRAM                       idataCOMRAM  00383D
__psmallconst                        smallconst   000F00
__ptext0                             text0        0036AE
__ptext1                             text1        0032E4
__ptext10                            text10       003624
__ptext11                            text11       003736
__ptext12                            text12       003856
__ptext13                            text13       001C00
__ptext14                            text14       003440
__ptext15                            text15       00159E
__ptext16                            text16       003172
__ptext17                            text17       0037F6
__ptext18                            text18       002C94
__ptext19                            text19       0028BA
__ptext2                             text2        000F02
__ptext20                            text20       0034EE
__ptext21                            text21       002F4E
__ptext3                             text3        0030A8
__ptext4                             text4        0037D0
__ptext5                             text5        002B30
__ptext6                             text6        002642
__ptext7                             text7        003392
__ptext8                             text8        002DF2
__ptext9                             text9        00222C
__ramtop                             ramtop       000F00
__smallconst                         smallconst   000F00
_brkp                                bssCOMRAM    00004D
_comando                             bssBANK0     0000B2
_comando2                            bssBANK0     0000C0
_config7                             text0        003234
_contagem                            bssBANK0     0000BE
_define_METATEDS                     text10       003624
_define_TCTEDS                       text9        00222C
_errno                               bssCOMRAM    000053
_free                                text8        002DF2
_get_char                            bssBANK0     0000C2
_getch                               text12       003856
_identify_NCAP_cmd                   text13       001C00
_int_handler                         intcode      000008
_main                                text0        0036AE
_malloc                              text5        002B30
_memcpy                              text11       003736
_parcel_lsb                          bssCOMRAM    000057
_putch                               text4        0037D0
_send_METATEDS                       text3        0030A8
_send_TCTEDS                         text2        000F02
_send_VALUE                          text1        0032E4
define_METATEDS@F13232               dataBANK1    0001C8
define_METATEDS@F13234               dataBANK1    0001AA
define_METATEDS@F13236               dataCOMRAM   000034
define_METATEDS@array1               cstackBANK0  000077
define_METATEDS@array2               cstackBANK0  00006B
define_METATEDS@array3               cstackBANK0  00007D
define_TCTEDS@F13239                 dataBANK1    0001C2
define_TCTEDS@F13241                 dataBANK0    0000AF
define_TCTEDS@F13243                 dataBANK1    00019E
define_TCTEDS@F13245                 dataBANK0    0000AC
define_TCTEDS@F13247                 dataBANK0    0000A9
define_TCTEDS@F13249                 dataBANK0    0000A6
define_TCTEDS@F13251                 dataBANK0    0000A3
define_TCTEDS@F13253                 dataBANK0    0000A0
define_TCTEDS@F13255                 dataBANK1    0001BC
define_TCTEDS@F13257                 dataBANK0    00009D
define_TCTEDS@F13259                 dataBANK1    000192
define_TCTEDS@F13261                 dataBANK0    00009A
define_TCTEDS@F13263                 dataBANK0    000097
define_TCTEDS@F13265                 dataBANK0    000094
define_TCTEDS@F13267                 dataBANK0    000091
define_TCTEDS@F13269                 dataCOMRAM   00004A
define_TCTEDS@F13271                 dataBANK1    0001B6
define_TCTEDS@F13273                 dataCOMRAM   000047
define_TCTEDS@F13275                 dataBANK1    000186
define_TCTEDS@F13277                 dataCOMRAM   000044
define_TCTEDS@F13279                 dataCOMRAM   000041
define_TCTEDS@F13281                 dataCOMRAM   00003E
define_TCTEDS@F13283                 dataCOMRAM   00003B
define_TCTEDS@F13285                 dataCOMRAM   000038
define_TCTEDS@array1                 cstackBANK2  000224
define_TCTEDS@array10                cstackBANK2  000248
define_TCTEDS@array11                cstackBANK2  00020C
define_TCTEDS@array12                cstackBANK2  00024B
define_TCTEDS@array13                cstackBANK2  00024E
define_TCTEDS@array14                cstackBANK2  000251
define_TCTEDS@array15                cstackBANK2  000254
define_TCTEDS@array16                cstackBANK2  000257
define_TCTEDS@array17                cstackBANK2  000230
define_TCTEDS@array18                cstackBANK2  00025A
define_TCTEDS@array19                cstackBANK2  000218
define_TCTEDS@array2                 cstackBANK2  000236
define_TCTEDS@array20                cstackBANK2  00025D
define_TCTEDS@array21                cstackBANK2  000260
define_TCTEDS@array22                cstackBANK2  000263
define_TCTEDS@array23                cstackBANK2  000266
define_TCTEDS@array24                cstackBANK2  000269
define_TCTEDS@array3                 cstackBANK2  000200
define_TCTEDS@array4                 cstackBANK2  000239
define_TCTEDS@array5                 cstackBANK2  00023C
define_TCTEDS@array6                 cstackBANK2  00023F
define_TCTEDS@array7                 cstackBANK2  000242
define_TCTEDS@array8                 cstackBANK2  000245
define_TCTEDS@array9                 cstackBANK2  00022A
end_of_initialization                cinit        00361E
free@c                               cstackBANK0  000066
free@cptr                            cstackBANK0  000064
free@ptr                             cstackCOMRAM 000001
i1___expand_heap                     text20       0034EE
i1___expand_heap@n                   cstackCOMRAM 000005
i1___expand_heap@new_brkp            cstackCOMRAM 000007
i1___expand_heap@pn                  cstackCOMRAM 000001
i1___simple_search_fl                text19       0028BA
i1___simple_search_fl@best           cstackCOMRAM 000013
i1___simple_search_fl@best_last      cstackCOMRAM 000009
i1___simple_search_fl@c              cstackCOMRAM 000011
i1___simple_search_fl@last           cstackCOMRAM 00000D
i1___simple_search_fl@n              cstackCOMRAM 000001
i1___simple_search_fl@next           cstackCOMRAM 00000F
i1___simple_search_fl@remaining_size cstackCOMRAM 000007
i1___simple_search_fl@split          cstackCOMRAM 00000B
i1_free                              text21       002F4E
i1_malloc                            text18       002C94
i1_putch                             text17       0037F6
i1_send_METATEDS                     text16       003172
i1_send_TCTEDS                       text15       00159E
i1_send_VALUE                        text14       003440
i1free@c                             cstackCOMRAM 00000B
i1free@cptr                          cstackCOMRAM 000009
i1free@ptr                           cstackCOMRAM 000003
i1malloc@m                           cstackCOMRAM 000019
i1malloc@n                           cstackCOMRAM 000015
i1malloc@new                         cstackCOMRAM 00001D
i1malloc@p                           cstackCOMRAM 00001F
i1malloc@sz                          cstackCOMRAM 00001B
i1putch@byte                         cstackCOMRAM 000001
i1send_METATEDS@i                    cstackCOMRAM 000003
i1send_METATEDS@j                    cstackCOMRAM 000005
i1send_METATEDS@k                    cstackCOMRAM 000007
i1send_TCTEDS@channel                cstackCOMRAM 000003
i1send_TCTEDS@i                      cstackCOMRAM 000004
i1send_TCTEDS@i_323                  cstackCOMRAM 000006
i1send_TCTEDS@i_324                  cstackCOMRAM 000008
i1send_TCTEDS@i_325                  cstackCOMRAM 00000A
i1send_TCTEDS@i_326                  cstackCOMRAM 00000C
i1send_TCTEDS@i_327                  cstackCOMRAM 00000E
i1send_TCTEDS@i_328                  cstackCOMRAM 000010
i1send_TCTEDS@i_329                  cstackCOMRAM 000012
i1send_TCTEDS@i_330                  cstackCOMRAM 000014
i1send_TCTEDS@i_331                  cstackCOMRAM 000016
i1send_TCTEDS@i_332                  cstackCOMRAM 000018
i1send_TCTEDS@i_333                  cstackCOMRAM 00001A
i1send_TCTEDS@i_334                  cstackCOMRAM 00001C
i1send_TCTEDS@i_335                  cstackCOMRAM 00001E
i1send_TCTEDS@i_336                  cstackCOMRAM 000020
i1send_TCTEDS@i_337                  cstackCOMRAM 000022
i1send_TCTEDS@i_338                  cstackCOMRAM 000024
i1send_TCTEDS@i_339                  cstackCOMRAM 000026
i1send_TCTEDS@i_340                  cstackCOMRAM 000028
i1send_TCTEDS@i_341                  cstackCOMRAM 00002A
i1send_TCTEDS@i_342                  cstackCOMRAM 00002C
i1send_TCTEDS@i_343                  cstackCOMRAM 00002E
i1send_TCTEDS@i_344                  cstackCOMRAM 000030
i1send_TCTEDS@i_345                  cstackCOMRAM 000032
i1send_VALUE@channel                 cstackCOMRAM 000003
identify_NCAP_cmd@comando2           cstackBANK0  000063
intlevel0                            text         000000
intlevel1                            text         000000
intlevel2                            text         000000
intlevel3                            text         000000
isa$std                              (abs)        000001
isa$xinst                            (abs)        000000
malloc@cur                           bssCOMRAM    000051
malloc@end                           bssCOMRAM    00004F
malloc@lock                          bssBANK1     000100
malloc@m                             cstackBANK0  000078
malloc@n                             cstackBANK0  000072
malloc@new                           cstackBANK0  00007C
malloc@p                             cstackBANK0  00007A
malloc@sz                            cstackBANK0  000076
memcpy@d                             cstackBANK0  000067
memcpy@d1                            cstackBANK0  000060
memcpy@n                             cstackBANK0  000064
memcpy@s                             cstackBANK0  000069
memcpy@s1                            cstackBANK0  000062
memcpy@tmp                           cstackBANK0  000066
putch@byte                           cstackCOMRAM 000001
send_METATEDS@i                      cstackBANK0  000060
send_METATEDS@j                      cstackBANK0  000062
send_METATEDS@k                      cstackBANK0  000064
send_TCTEDS@channel                  cstackBANK0  000060
send_TCTEDS@i                        cstackBANK0  000061
send_TCTEDS@i_323                    cstackBANK0  000063
send_TCTEDS@i_324                    cstackBANK0  000065
send_TCTEDS@i_325                    cstackBANK0  000067
send_TCTEDS@i_326                    cstackBANK0  000069
send_TCTEDS@i_327                    cstackBANK0  00006B
send_TCTEDS@i_328                    cstackBANK0  00006D
send_TCTEDS@i_329                    cstackBANK0  00006F
send_TCTEDS@i_330                    cstackBANK0  000071
send_TCTEDS@i_331                    cstackBANK0  000073
send_TCTEDS@i_332                    cstackBANK0  000075
send_TCTEDS@i_333                    cstackBANK0  000077
send_TCTEDS@i_334                    cstackBANK0  000079
send_TCTEDS@i_335                    cstackBANK0  00007B
send_TCTEDS@i_336                    cstackBANK0  00007D
send_TCTEDS@i_337                    cstackBANK0  00007F
send_TCTEDS@i_338                    cstackBANK0  000081
send_TCTEDS@i_339                    cstackBANK0  000083
send_TCTEDS@i_340                    cstackBANK0  000085
send_TCTEDS@i_341                    cstackBANK0  000087
send_TCTEDS@i_342                    cstackBANK0  000089
send_TCTEDS@i_343                    cstackBANK0  00008B
send_TCTEDS@i_344                    cstackBANK0  00008D
send_TCTEDS@i_345                    cstackBANK0  00008F
send_VALUE@channel                   cstackCOMRAM 000002
stackhi                              (abs)        000000
stacklo                              (abs)        000000
start                                init         00003E
start_initialization                 cinit        00359A


MODULE INFORMATION

Module		Function		Class		Link	Load	Size
sensor.c
		_send_TCTEDS   		CODE           	0F02	0000	1692
		_define_METATEDS		CODE           	3624	0000	138
		_putch         		CODE           	37D0	0000	38
		_send_METATEDS 		CODE           	30A8	0000	202
		_main          		CODE           	36AE	0000	136
		_send_VALUE    		CODE           	32E4	0000	174
		_identify_NCAP_cmd		CODE           	1C00	0000	1580
		_getch         		CODE           	3856	0000	14
		_define_TCTEDS 		CODE           	222C	0000	1046

sensor.c estimated size: 5020

C:\Program Files\Microchip\xc8\v2.45\pic\sources\c99\common\expand_heap.c
		___expand_heap 		CODE           	3392	0000	174

C:\Program Files\Microchip\xc8\v2.45\pic\sources\c99\common\expand_heap.c estimated size: 174

C:\Program Files\Microchip\xc8\v2.45\pic\sources\c99\common\memcpy.c
		_memcpy        		CODE           	3736	0000	82

C:\Program Files\Microchip\xc8\v2.45\pic\sources\c99\common\memcpy.c estimated size: 82

C:\Program Files\Microchip\xc8\v2.45\pic\sources\c99\common\lite_malloc.c
		_malloc        		CODE           	2B30	0000	356

C:\Program Files\Microchip\xc8\v2.45\pic\sources\c99\common\lite_malloc.c estimated size: 356

C:\Program Files\Microchip\xc8\v2.45\pic\sources\c99\common\lite_free.c
		___simple_search_fl		CODE           	2642	0000	632
		_free          		CODE           	2DF2	0000	348

C:\Program Files\Microchip\xc8\v2.45\pic\sources\c99\common\lite_free.c estimated size: 980

shared
		i1_send_VALUE  		CODE           	3440	0000	174
		i1_send_TCTEDS 		CODE           	159E	0000	1634
		i1_putch       		CODE           	37F6	0000	38
		i1___expand_heap		CODE           	34EE	0000	172
		i1_send_METATEDS		CODE           	3172	0000	194
		__initialization		CODE           	359A	0000	132
		i1___simple_search_fl		CODE           	28BA	0000	630
		i1_malloc      		CODE           	2C94	0000	350
		i1_free        		CODE           	2F4E	0000	346

shared estimated size: 3670

